Archive member included to satisfy reference by file (symbol)

C:\Users\YunKei\Documents\Research\workspace\stm32f4-discovery\lib\libstm32f4.a(misc.o)
                              ./src/Main.o (NVIC_Init)
C:\Users\YunKei\Documents\Research\workspace\stm32f4-discovery\lib\libstm32f4.a(stm32f4xx_adc.o)
                              ./src/Battery.o (ADC_Init)
C:\Users\YunKei\Documents\Research\workspace\stm32f4-discovery\lib\libstm32f4.a(stm32f4xx_dma.o)
                              ./src/Battery.o (DMA_DeInit)
C:\Users\YunKei\Documents\Research\workspace\stm32f4-discovery\lib\libstm32f4.a(stm32f4xx_exti.o)
                              ./src/NRF905.o (EXTI_DeInit)
C:\Users\YunKei\Documents\Research\workspace\stm32f4-discovery\lib\libstm32f4.a(stm32f4xx_gpio.o)
                              ./src/Battery.o (GPIO_Init)
C:\Users\YunKei\Documents\Research\workspace\stm32f4-discovery\lib\libstm32f4.a(stm32f4xx_i2c.o)
                              ./src/I2C.o (I2C_DeInit)
C:\Users\YunKei\Documents\Research\workspace\stm32f4-discovery\lib\libstm32f4.a(stm32f4xx_iwdg.o)
                              ./src/Ticks.o (IWDG_WriteAccessCmd)
C:\Users\YunKei\Documents\Research\workspace\stm32f4-discovery\lib\libstm32f4.a(stm32f4xx_rcc.o)
                              C:\Users\YunKei\Documents\Research\workspace\stm32f4-discovery\lib\libstm32f4.a(stm32f4xx_i2c.o) (RCC_GetClocksFreq)
C:\Users\YunKei\Documents\Research\workspace\stm32f4-discovery\lib\libstm32f4.a(stm32f4xx_spi.o)
                              ./src/Spi.o (SPI_I2S_DeInit)
C:\Users\YunKei\Documents\Research\workspace\stm32f4-discovery\lib\libstm32f4.a(stm32f4xx_syscfg.o)
                              ./src/NRF905.o (SYSCFG_EXTILineConfig)
C:\Users\YunKei\Documents\Research\workspace\stm32f4-discovery\lib\libstm32f4.a(stm32f4xx_tim.o)
                              ./src/Main.o (TIM_TimeBaseInit)
C:\Users\YunKei\Documents\Research\workspace\stm32f4-discovery\lib\libstm32f4.a(stm32f4xx_usart.o)
                              ./src/Usart.o (USART_DeInit)
c:/users/yunkei/mentorgraphics/sourcery_codebench_lite_for_arm_eabi/bin/../lib/gcc/arm-none-eabi/4.8.3/../../../../arm-none-eabi/lib/thumb2\libstdc++.a(eh_arm.o)
                              ./src/Acceleration.o (__cxa_end_cleanup)
c:/users/yunkei/mentorgraphics/sourcery_codebench_lite_for_arm_eabi/bin/../lib/gcc/arm-none-eabi/4.8.3/../../../../arm-none-eabi/lib/thumb2\libstdc++.a(eh_personality.o)
                              ./src/Acceleration.o (__gxx_personality_v0)
c:/users/yunkei/mentorgraphics/sourcery_codebench_lite_for_arm_eabi/bin/../lib/gcc/arm-none-eabi/4.8.3/../../../../arm-none-eabi/lib/thumb2\libstdc++.a(eh_terminate.o)
                              c:/users/yunkei/mentorgraphics/sourcery_codebench_lite_for_arm_eabi/bin/../lib/gcc/arm-none-eabi/4.8.3/../../../../arm-none-eabi/lib/thumb2\libstdc++.a(eh_arm.o) (std::terminate())
c:/users/yunkei/mentorgraphics/sourcery_codebench_lite_for_arm_eabi/bin/../lib/gcc/arm-none-eabi/4.8.3/../../../../arm-none-eabi/lib/thumb2\libstdc++.a(eh_globals.o)
                              c:/users/yunkei/mentorgraphics/sourcery_codebench_lite_for_arm_eabi/bin/../lib/gcc/arm-none-eabi/4.8.3/../../../../arm-none-eabi/lib/thumb2\libstdc++.a(eh_arm.o) (__cxa_get_globals)
c:/users/yunkei/mentorgraphics/sourcery_codebench_lite_for_arm_eabi/bin/../lib/gcc/arm-none-eabi/4.8.3/../../../../arm-none-eabi/lib/thumb2\libstdc++.a(eh_call.o)
                              c:/users/yunkei/mentorgraphics/sourcery_codebench_lite_for_arm_eabi/bin/../lib/gcc/arm-none-eabi/4.8.3/../../../../arm-none-eabi/lib/thumb2\libstdc++.a(eh_personality.o) (__cxa_call_terminate)
c:/users/yunkei/mentorgraphics/sourcery_codebench_lite_for_arm_eabi/bin/../lib/gcc/arm-none-eabi/4.8.3/../../../../arm-none-eabi/lib/thumb2\libstdc++.a(eh_exception.o)
                              c:/users/yunkei/mentorgraphics/sourcery_codebench_lite_for_arm_eabi/bin/../lib/gcc/arm-none-eabi/4.8.3/../../../../arm-none-eabi/lib/thumb2\libstdc++.a(eh_call.o) (std::bad_exception::~bad_exception())
c:/users/yunkei/mentorgraphics/sourcery_codebench_lite_for_arm_eabi/bin/../lib/gcc/arm-none-eabi/4.8.3/../../../../arm-none-eabi/lib/thumb2\libstdc++.a(eh_unex_handler.o)
                              c:/users/yunkei/mentorgraphics/sourcery_codebench_lite_for_arm_eabi/bin/../lib/gcc/arm-none-eabi/4.8.3/../../../../arm-none-eabi/lib/thumb2\libstdc++.a(eh_terminate.o) (__cxxabiv1::__unexpected_handler)
c:/users/yunkei/mentorgraphics/sourcery_codebench_lite_for_arm_eabi/bin/../lib/gcc/arm-none-eabi/4.8.3/../../../../arm-none-eabi/lib/thumb2\libstdc++.a(eh_catch.o)
                              c:/users/yunkei/mentorgraphics/sourcery_codebench_lite_for_arm_eabi/bin/../lib/gcc/arm-none-eabi/4.8.3/../../../../arm-none-eabi/lib/thumb2\libstdc++.a(eh_personality.o) (__cxa_begin_catch)
[...]
Memory Configuration

Name             Origin             Length             Attributes
FLASH            0x08000000         0x00100000         xr
RAM              0x20000000         0x00020000         xrw
CCMRAM           0x10000000         0x00010000         xrw
MEMORY_B1        0x60000000         0x00000000         xr
*default*        0x00000000         0xffffffff

Linker script and memory map

LOAD c:/users/yunkei/mentorgraphics/sourcery_codebench_lite_for_arm_eabi/bin/../lib/gcc/arm-none-eabi/4.8.3/thumb2/crti.o
LOAD c:/users/yunkei/mentorgraphics/sourcery_codebench_lite_for_arm_eabi/bin/../lib/gcc/arm-none-eabi/4.8.3/thumb2/crtbegin.o
LOAD ./startup/LibraryHacks.o
LOAD ./startup/newlib_stubs.o
LOAD ./startup/startup_stm32f40_41xxx.o
LOAD ./startup/system_stm32f4xx.o
LOAD ./src/Acceleration.o
LOAD ./src/AdditionalTools.o
LOAD ./src/Battery.o
LOAD ./src/Communicating.o
LOAD ./src/Controlling.o
LOAD ./src/Delay.o
LOAD ./src/I2C.o
LOAD ./src/Kalman.o
LOAD ./src/Leds.o
LOAD ./src/MPU6050.o
LOAD ./src/Main.o
LOAD ./src/MathAlgorithm.o
LOAD ./src/MathTools.o
LOAD ./src/MovingWindowAverageFilter.o
LOAD ./src/NRF905.o
LOAD ./src/Omega.o
LOAD ./src/PWM.o
LOAD ./src/PhasesMonitoring.o
LOAD ./src/Pid.o
LOAD ./src/Quaternion.o
LOAD ./src/Sonic.o
LOAD ./src/Spi.o
LOAD ./src/Task.o
LOAD ./src/Ticks.o
LOAD ./src/UKF.o
LOAD ./src/URG_04LX.o
LOAD ./src/Usart.o
LOAD C:\Users\YunKei\Documents\Research\workspace\stm32f4-discovery\lib\libstm32f4.a
LOAD c:/users/yunkei/mentorgraphics/sourcery_codebench_lite_for_arm_eabi/bin/../lib/gcc/arm-none-eabi/4.8.3/../../../../arm-none-eabi/lib/thumb2\libstdc++.a
LOAD c:/users/yunkei/mentorgraphics/sourcery_codebench_lite_for_arm_eabi/bin/../lib/gcc/arm-none-eabi/4.8.3/../../../../arm-none-eabi/lib/thumb2\libm.a
LOAD c:/users/yunkei/mentorgraphics/sourcery_codebench_lite_for_arm_eabi/bin/../lib/gcc/arm-none-eabi/4.8.3/../../../../arm-none-eabi/lib/thumb2\libc.a
START GROUP
LOAD c:/users/yunkei/mentorgraphics/sourcery_codebench_lite_for_arm_eabi/bin/../lib/gcc/arm-none-eabi/4.8.3/thumb2\libgcc.a
LOAD c:/users/yunkei/mentorgraphics/sourcery_codebench_lite_for_arm_eabi/bin/../lib/gcc/arm-none-eabi/4.8.3/../../../../arm-none-eabi/lib/thumb2\libc.a
END GROUP
LOAD c:/users/yunkei/mentorgraphics/sourcery_codebench_lite_for_arm_eabi/bin/../lib/gcc/arm-none-eabi/4.8.3/thumb2/crtend.o
LOAD c:/users/yunkei/mentorgraphics/sourcery_codebench_lite_for_arm_eabi/bin/../lib/gcc/arm-none-eabi/4.8.3/thumb2/crtn.o
                0x20020000                _estack = 0x20020000
                0x00000000                _Min_Heap_Size = 0x0
                0x00000200                _Min_Stack_Size = 0x200

.isr_vector     0x08000000      0x188
                0x08000000                . = ALIGN (0x4)
 *(.isr_vector)
 .isr_vector    0x08000000      0x188 ./startup/startup_stm32f40_41xxx.o
                0x08000000                g_pfnVectors
                0x08000188                . = ALIGN (0x4)

.text           0x08000188    0x14e2c
                0x08000188                . = ALIGN (0x4)
 *(.text.Reset_Handler)
 .text.Reset_Handler
                0x08000188       0x44 ./startup/startup_stm32f40_41xxx.o
                0x08000188                Reset_Handler
 *(.text.Default_Handler)
 .text.Default_Handler
                0x080001cc        0x2 ./startup/startup_stm32f40_41xxx.o
                0x080001cc                RTC_Alarm_IRQHandler
                0x080001cc                HASH_RNG_IRQHandler
                0x080001cc                EXTI2_IRQHandler
                0x080001cc                TIM8_CC_IRQHandler
                0x080001cc                DebugMon_Handler
                0x080001cc                TIM1_CC_IRQHandler
                0x080001cc                DMA2_Stream5_IRQHandler
                0x080001cc                DMA1_Stream5_IRQHandler
                0x080001cc                PVD_IRQHandler
                0x080001cc                SDIO_IRQHandler
                0x080001cc                TAMP_STAMP_IRQHandler
                0x080001cc                PendSV_Handler
                0x080001cc                NMI_Handler
                0x080001cc                CAN2_RX1_IRQHandler
                0x080001cc                EXTI3_IRQHandler
                0x080001cc                TIM8_TRG_COM_TIM14_IRQHandler
                0x080001cc                TIM1_UP_TIM10_IRQHandler
                0x080001cc                TIM8_UP_TIM13_IRQHandler
                0x080001cc                I2C3_ER_IRQHandler
                0x080001cc                EXTI0_IRQHandler
                0x080001cc                I2C2_EV_IRQHandler
                0x080001cc                DMA1_Stream2_IRQHandler
                0x080001cc                CAN1_RX0_IRQHandler
                0x080001cc                FPU_IRQHandler
                0x080001cc                OTG_HS_WKUP_IRQHandler
                0x080001cc                UsageFault_Handler
                0x080001cc                CAN2_SCE_IRQHandler
                0x080001cc                SPI1_IRQHandler
                0x080001cc                TIM6_DAC_IRQHandler
                0x080001cc                TIM1_BRK_TIM9_IRQHandler
                0x080001cc                DCMI_IRQHandler
                0x080001cc                CAN2_RX0_IRQHandler
                0x080001cc                DMA2_Stream3_IRQHandler
                0x080001cc                USART6_IRQHandler
                0x080001cc                CRYP_IRQHandler
                0x080001cc                CAN1_RX1_IRQHandler
                0x080001cc                DMA2_Stream0_IRQHandler
                0x080001cc                I2C1_EV_IRQHandler
                0x080001cc                DMA1_Stream6_IRQHandler
                0x080001cc                RCC_IRQHandler
                0x080001cc                TIM8_BRK_TIM12_IRQHandler
                0x080001cc                Default_Handler
                0x080001cc                EXTI15_10_IRQHandler
                0x080001cc                ADC_IRQHandler
                0x080001cc                DMA1_Stream7_IRQHandler
                0x080001cc                TIM7_IRQHandler
                0x080001cc                CAN2_TX_IRQHandler
                0x080001cc                TIM5_IRQHandler
                0x080001cc                I2C3_EV_IRQHandler
                0x080001cc                RTC_WKUP_IRQHandler
                0x080001cc                ETH_WKUP_IRQHandler
                0x080001cc                SPI2_IRQHandler
                0x080001cc                OTG_HS_EP1_IN_IRQHandler
                0x080001cc                MemManage_Handler
                0x080001cc                DMA1_Stream0_IRQHandler
                0x080001cc                CAN1_TX_IRQHandler
                0x080001cc                SVC_Handler
                0x080001cc                EXTI4_IRQHandler
                0x080001cc                FSMC_IRQHandler
                0x080001cc                ETH_IRQHandler
                0x080001cc                OTG_HS_EP1_OUT_IRQHandler
                0x080001cc                WWDG_IRQHandler
                0x080001cc                OTG_FS_WKUP_IRQHandler
                0x080001cc                TIM1_TRG_COM_TIM11_IRQHandler
                0x080001cc                OTG_HS_IRQHandler
                0x080001cc                EXTI1_IRQHandler
                0x080001cc                USART2_IRQHandler
                0x080001cc                I2C2_ER_IRQHandler
                0x080001cc                DMA2_Stream1_IRQHandler
                0x080001cc                CAN1_SCE_IRQHandler
                0x080001cc                FLASH_IRQHandler
                0x080001cc                DMA2_Stream4_IRQHandler
                0x080001cc                BusFault_Handler
                0x080001cc                OTG_FS_IRQHandler
                0x080001cc                SPI3_IRQHandler
                0x080001cc                DMA1_Stream4_IRQHandler
                0x080001cc                I2C1_ER_IRQHandler
                0x080001cc                DMA2_Stream6_IRQHandler
 *(.text)
 *fill*         0x080001ce        0x2 
 .text          0x080001d0       0xc8 c:/users/yunkei/mentorgraphics/sourcery_codebench_lite_for_arm_eabi/bin/../lib/gcc/arm-none-eabi/4.8.3/thumb2/crtbegin.o
 .text          0x08000298       0x88 c:/users/yunkei/mentorgraphics/sourcery_codebench_lite_for_arm_eabi/bin/../lib/gcc/arm-none-eabi/4.8.3/../../../../arm-none-eabi/lib/thumb2\libm.a(lib_a-s_cos.o)
                0x08000298                cos
 .text          0x08000320       0x98 c:/users/yunkei/mentorgraphics/sourcery_codebench_lite_for_arm_eabi/bin/../lib/gcc/arm-none-eabi/4.8.3/../../../../arm-none-eabi/lib/thumb2\libm.a(lib_a-s_sin.o)
                0x08000320                sin
 .text          0x080003b8       0xac c:/users/yunkei/mentorgraphics/sourcery_codebench_lite_for_arm_eabi/bin/../lib/gcc/arm-none-eabi/4.8.3/../../../../arm-none-eabi/lib/thumb2\libm.a(lib_a-w_asin.o)
                0x080003b8                asin
 .text          0x08000464        0x4 c:/users/yunkei/mentorgraphics/sourcery_codebench_lite_for_arm_eabi/bin/../lib/gcc/arm-none-eabi/4.8.3/../../../../arm-none-eabi/lib/thumb2\libm.a(lib_a-w_atan2.o)
                0x08000464                atan2
 .text          0x08000468       0xb0 c:/users/yunkei/mentorgraphics/sourcery_codebench_lite_for_arm_eabi/bin/../lib/gcc/arm-none-eabi/4.8.3/../../../../arm-none-eabi/lib/thumb2\libm.a(lib_a-w_sqrt.o)
                0x08000468                sqrt
 .text          0x08000518      0x480 c:/users/yunkei/mentorgraphics/sourcery_codebench_lite_for_arm_eabi/bin/../lib/gcc/arm-none-eabi/4.8.3/../../../../arm-none-eabi/lib/thumb2\libm.a(lib_a-e_asin.o)
                0x08000518                __ieee754_asin
 .text          0x08000998      0x200 c:/users/yunkei/mentorgraphics/sourcery_codebench_lite_for_arm_eabi/bin/../lib/gcc/arm-none-eabi/4.8.3/../../../../arm-none-eabi/lib/thumb2\libm.a(lib_a-e_atan2.o)
                0x08000998                __ieee754_atan2
 .text          0x08000b98      0x460 c:/users/yunkei/mentorgraphics/sourcery_codebench_lite_for_arm_eabi/bin/../lib/gcc/arm-none-eabi/4.8.3/../../../../arm-none-eabi/lib/thumb2\libm.a(lib_a-e_rem_pio2.o)
                0x08000b98                __ieee754_rem_pio2
 .text          0x08000ff8      0x17c c:/users/yunkei/mentorgraphics/sourcery_codebench_lite_for_arm_eabi/bin/../lib/gcc/arm-none-eabi/4.8.3/../../../../arm-none-eabi/lib/thumb2\libm.a(lib_a-e_sqrt.o)
                0x08000ff8                __ieee754_sqrt
 *fill*         0x08001174        0x4 
 .text          0x08001178      0x258 c:/users/yunkei/mentorgraphics/sourcery_codebench_lite_for_arm_eabi/bin/../lib/gcc/arm-none-eabi/4.8.3/../../../../arm-none-eabi/lib/thumb2\libm.a(lib_a-k_cos.o)
                0x08001178                __kernel_cos
 .text          0x080013d0      0x7cc c:/users/yunkei/mentorgraphics/sourcery_codebench_lite_for_arm_eabi/bin/../lib/gcc/arm-none-eabi/4.8.3/../../../../arm-none-eabi/lib/thumb2\libm.a(lib_a-k_rem_pio2.o)
                0x080013d0                __kernel_rem_pio2
 *fill*         0x08001b9c        0x4 
 .text          0x08001ba0      0x168 c:/users/yunkei/mentorgraphics/sourcery_codebench_lite_for_arm_eabi/bin/../lib/gcc/arm-none-eabi/4.8.3/../../../../arm-none-eabi/lib/thumb2\libm.a(lib_a-k_sin.o)
                0x08001ba0                __kernel_sin
 .text          0x08001d08      0x360 c:/users/yunkei/mentorgraphics/sourcery_codebench_lite_for_arm_eabi/bin/../lib/gcc/arm-none-eabi/4.8.3/../../../../arm-none-eabi/lib/thumb2\libm.a(lib_a-s_atan.o)
                0x08001d08                atan
 .text          0x08002068        0x8 c:/users/yunkei/mentorgraphics/sourcery_codebench_lite_for_arm_eabi/bin/../lib/gcc/arm-none-eabi/4.8.3/../../../../arm-none-eabi/lib/thumb2\libm.a(lib_a-s_fabs.o)
                0x08002068                fabs
 .text          0x08002070      0x120 c:/users/yunkei/mentorgraphics/sourcery_codebench_lite_for_arm_eabi/bin/../lib/gcc/arm-none-eabi/4.8.3/../../../../arm-none-eabi/lib/thumb2\libm.a(lib_a-s_floor.o)
                0x08002070                floor
 .text          0x08002190       0x50 c:/users/yunkei/mentorgraphics/sourcery_codebench_lite_for_arm_eabi/bin/../lib/gcc/arm-none-eabi/4.8.3/../../../../arm-none-eabi/lib/thumb2\libm.a(lib_a-s_fpclassify.o)
                0x08002190                __fpclassifyd
 .text          0x080021e0        0x4 c:/users/yunkei/mentorgraphics/sourcery_codebench_lite_for_arm_eabi/bin/../lib/gcc/arm-none-eabi/4.8.3/../../../../arm-none-eabi/lib/thumb2\libm.a(lib_a-s_matherr.o)
                0x080021e0                matherr
 .text          0x080021e4        0xc c:/users/yunkei/mentorgraphics/sourcery_codebench_lite_for_arm_eabi/bin/../lib/gcc/arm-none-eabi/4.8.3/../../../../arm-none-eabi/lib/thumb2\libm.a(lib_a-s_nan.o)
                0x080021e4                nan
 .text          0x080021f0      0x118 c:/users/yunkei/mentorgraphics/sourcery_codebench_lite_for_arm_eabi/bin/../lib/gcc/arm-none-eabi/4.8.3/../../../../arm-none-eabi/lib/thumb2\libm.a(lib_a-s_scalbn.o)
                0x080021f0                scalbn
 .text          0x08002308       0x14 c:/users/yunkei/mentorgraphics/sourcery_codebench_lite_for_arm_eabi/bin/../lib/gcc/arm-none-eabi/4.8.3/../../../../arm-none-eabi/lib/thumb2\libm.a(lib_a-s_copysign.o)
                0x08002308                copysign
 .text          0x0800231c       0x10 c:/users/yunkei/mentorgraphics/sourcery_codebench_lite_for_arm_eabi/bin/../lib/gcc/arm-none-eabi/4.8.3/../../../../arm-none-eabi/lib/thumb2\libc.a(lib_a-abort.o)
                0x0800231c                abort
 .text          0x0800232c       0x14 c:/users/yunkei/mentorgraphics/sourcery_codebench_lite_for_arm_eabi/bin/../lib/gcc/arm-none-eabi/4.8.3/../../../../arm-none-eabi/lib/thumb2\libc.a(lib_a-calloc.o)
                0x0800232c                calloc
 .text          0x08002340       0x64 c:/users/yunkei/mentorgraphics/sourcery_codebench_lite_for_arm_eabi/bin/../lib/gcc/arm-none-eabi/4.8.3/../../../../arm-none-eabi/lib/thumb2\libc.a(lib_a-callocr.o)
                0x08002340                _calloc_r
 .text          0x080023a4        0xc c:/users/yunkei/mentorgraphics/sourcery_codebench_lite_for_arm_eabi/bin/../lib/gcc/arm-none-eabi/4.8.3/../../../../arm-none-eabi/lib/thumb2\libc.a(lib_a-errno.o)
                0x080023a4                __errno
 .text          0x080023b0       0x20 c:/users/yunkei/mentorgraphics/sourcery_codebench_lite_for_arm_eabi/bin/../lib/gcc/arm-none-eabi/4.8.3/../../../../arm-none-eabi/lib/thumb2\libc.a(lib_a-malloc.o)
                0x080023b0                malloc
                0x080023c0                free
 .text          0x080023d0      0x570 c:/users/yunkei/mentorgraphics/sourcery_codebench_lite_for_arm_eabi/bin/../lib/gcc/arm-none-eabi/4.8.3/../../../../arm-none-eabi/lib/thumb2\libc.a(lib_a-mallocr.o)
                0x080023d0                _malloc_r
 .text          0x08002940       0xa0 c:/users/yunkei/mentorgraphics/sourcery_codebench_lite_for_arm_eabi/bin/../lib/gcc/arm-none-eabi/4.8.3/../../../../arm-none-eabi/lib/thumb2\libc.a(lib_a-memset.o)
                0x08002940                memset
 .text          0x080029e0        0x8 c:/users/yunkei/mentorgraphics/sourcery_codebench_lite_for_arm_eabi/bin/../lib/gcc/arm-none-eabi/4.8.3/../../../../arm-none-eabi/lib/thumb2\libc.a(lib_a-mlock.o)
                0x080029e0                __malloc_lock
                0x080029e4                __malloc_unlock
 .text          0x080029e8       0x68 c:/users/yunkei/mentorgraphics/sourcery_codebench_lite_for_arm_eabi/bin/../lib/gcc/arm-none-eabi/4.8.3/../../../../arm-none-eabi/lib/thumb2\libc.a(lib_a-printf.o)
                0x080029e8                _printf_r
                0x08002a18                printf
 .text          0x08002a50       0x78 c:/users/yunkei/mentorgraphics/sourcery_codebench_lite_for_arm_eabi/bin/../lib/gcc/arm-none-eabi/4.8.3/../../../../arm-none-eabi/lib/thumb2\libc.a(lib_a-puts.o)
                0x08002a50                _puts_r
                0x08002ab8                puts
 .text          0x08002ac8       0x28 c:/users/yunkei/mentorgraphics/sourcery_codebench_lite_for_arm_eabi/bin/../lib/gcc/arm-none-eabi/4.8.3/../../../../arm-none-eabi/lib/thumb2\libc.a(lib_a-sbrkr.o)
                0x08002ac8                _sbrk_r
 .text          0x08002af0      0x144 c:/users/yunkei/mentorgraphics/sourcery_codebench_lite_for_arm_eabi/bin/../lib/gcc/arm-none-eabi/4.8.3/../../../../arm-none-eabi/lib/thumb2\libc.a(lib_a-setvbuf.o)
                0x08002af0                setvbuf
 .text          0x08002c34      0x15c c:/users/yunkei/mentorgraphics/sourcery_codebench_lite_for_arm_eabi/bin/../lib/gcc/arm-none-eabi/4.8.3/../../../../arm-none-eabi/lib/thumb2\libc.a(lib_a-signal.o)
                0x08002c34                _init_signal_r
                0x08002c68                _signal_r
                0x08002ca8                _raise_r
                0x08002cfc                __sigtramp_r
                0x08002d4c                raise
                0x08002d5c                signal
                0x08002d70                _init_signal
                0x08002d80                __sigtramp
 .text          0x08002d90       0x2c c:/users/yunkei/mentorgraphics/sourcery_codebench_lite_for_arm_eabi/bin/../lib/gcc/arm-none-eabi/4.8.3/../../../../arm-none-eabi/lib/thumb2\libc.a(lib_a-signalr.o)
                0x08002d90                _kill_r
                0x08002db8                _getpid_r
 .text          0x08002dbc      0x23c c:/users/yunkei/mentorgraphics/sourcery_codebench_lite_for_arm_eabi/bin/../lib/gcc/arm-none-eabi/4.8.3/../../../../arm-none-eabi/lib/thumb2\libc.a(lib_a-strcmp.o)
                0x08002dbc                strcmp
 .text          0x08002ff8       0x60 c:/users/yunkei/mentorgraphics/sourcery_codebench_lite_for_arm_eabi/bin/../lib/gcc/arm-none-eabi/4.8.3/../../../../arm-none-eabi/lib/thumb2\libc.a(lib_a-strlen.o)
                0x08002ff8                strlen
 .text          0x08003058     0x14b4 c:/users/yunkei/mentorgraphics/sourcery_codebench_lite_for_arm_eabi/bin/../lib/gcc/arm-none-eabi/4.8.3/../../../../arm-none-eabi/lib/thumb2\libc.a(lib_a-svfprintf.o)
                0x08003058                _svfprintf_r
 .text          0x0800450c     0x15f0 c:/users/yunkei/mentorgraphics/sourcery_codebench_lite_for_arm_eabi/bin/../lib/gcc/arm-none-eabi/4.8.3/../../../../arm-none-eabi/lib/thumb2\libc.a(lib_a-vfprintf.o)
                0x0800450c                _vfprintf_r
                0x08005a64                vfprintf
 .text          0x08005afc       0x50 c:/users/yunkei/mentorgraphics/sourcery_codebench_lite_for_arm_eabi/bin/../lib/gcc/arm-none-eabi/4.8.3/../../../../arm-none-eabi/lib/thumb2\libc.a(lib_a-vsprintf.o)
                0x08005afc                _vsprintf_r
                0x08005b30                vsprintf
 .text          0x08005b4c       0xf8 c:/users/yunkei/mentorgraphics/sourcery_codebench_lite_for_arm_eabi/bin/../lib/gcc/arm-none-eabi/4.8.3/../../../../arm-none-eabi/lib/thumb2\libc.a(lib_a-wsetup.o)
                0x08005b4c                __swsetup_r
 *fill*         0x08005c44        0x4 
 .text          0x08005c48     0x10d8 c:/users/yunkei/mentorgraphics/sourcery_codebench_lite_for_arm_eabi/bin/../lib/gcc/arm-none-eabi/4.8.3/../../../../arm-none-eabi/lib/thumb2\libc.a(lib_a-dtoa.o)
                0x08005d94                _dtoa_r
 .text          0x08006d20      0x1d8 c:/users/yunkei/mentorgraphics/sourcery_codebench_lite_for_arm_eabi/bin/../lib/gcc/arm-none-eabi/4.8.3/../../../../arm-none-eabi/lib/thumb2\libc.a(lib_a-fflush.o)
                0x08006d20                __sflush_r
                0x08006e70                _fflush_r
                0x08006ed0                fflush
 .text          0x08006ef8      0x248 c:/users/yunkei/mentorgraphics/sourcery_codebench_lite_for_arm_eabi/bin/../lib/gcc/arm-none-eabi/4.8.3/../../../../arm-none-eabi/lib/thumb2\libc.a(lib_a-findfp.o)
                0x08006f00                _cleanup_r
                0x08006f0c                __sfmoreglue
                0x08006f3c                _cleanup
                0x08006f54                __sinit
                0x08007078                __sfp
                0x08007100                __sfp_lock_acquire
                0x08007104                __sfp_lock_release
                0x08007108                __sinit_lock_acquire
                0x0800710c                __sinit_lock_release
                0x08007110                __fp_lock_all
                0x08007128                __fp_unlock_all
 .text          0x08007140      0x23c c:/users/yunkei/mentorgraphics/sourcery_codebench_lite_for_arm_eabi/bin/../lib/gcc/arm-none-eabi/4.8.3/../../../../arm-none-eabi/lib/thumb2\libc.a(lib_a-freer.o)
                0x08007140                _malloc_trim_r
                0x080071e4                _free_r
 .text          0x0800737c      0x2f8 c:/users/yunkei/mentorgraphics/sourcery_codebench_lite_for_arm_eabi/bin/../lib/gcc/arm-none-eabi/4.8.3/../../../../arm-none-eabi/lib/thumb2\libc.a(lib_a-fvwrite.o)
                0x0800737c                __sfvwrite_r
 .text          0x08007674       0x94 c:/users/yunkei/mentorgraphics/sourcery_codebench_lite_for_arm_eabi/bin/../lib/gcc/arm-none-eabi/4.8.3/../../../../arm-none-eabi/lib/thumb2\libc.a(lib_a-fwalk.o)
                0x08007674                _fwalk
                0x080076bc                _fwalk_reent
 .text          0x08007708       0x9c c:/users/yunkei/mentorgraphics/sourcery_codebench_lite_for_arm_eabi/bin/../lib/gcc/arm-none-eabi/4.8.3/../../../../arm-none-eabi/lib/thumb2\libc.a(lib_a-locale.o)
                0x08007708                _setlocale_r
                0x0800775c                __locale_charset
                0x08007768                __locale_mb_cur_max
                0x08007774                __locale_msgcharset
                0x0800777c                __locale_cjk_lang
                0x08007780                _localeconv_r
                0x08007788                setlocale
                0x0800779c                localeconv
 .text          0x080077a4       0xe8 c:/users/yunkei/mentorgraphics/sourcery_codebench_lite_for_arm_eabi/bin/../lib/gcc/arm-none-eabi/4.8.3/../../../../arm-none-eabi/lib/thumb2\libc.a(lib_a-makebuf.o)
                0x080077a4                __smakebuf_r
 .text          0x0800788c       0x90 c:/users/yunkei/mentorgraphics/sourcery_codebench_lite_for_arm_eabi/bin/../lib/gcc/arm-none-eabi/4.8.3/../../../../arm-none-eabi/lib/thumb2\libc.a(lib_a-memchr-stub.o)
                0x0800788c                memchr
 .text          0x0800791c       0xa8 c:/users/yunkei/mentorgraphics/sourcery_codebench_lite_for_arm_eabi/bin/../lib/gcc/arm-none-eabi/4.8.3/../../../../arm-none-eabi/lib/thumb2\libc.a(lib_a-memcpy-stub.o)
                0x0800791c                memcpy
 .text          0x080079c4       0xd0 c:/users/yunkei/mentorgraphics/sourcery_codebench_lite_for_arm_eabi/bin/../lib/gcc/arm-none-eabi/4.8.3/../../../../arm-none-eabi/lib/thumb2\libc.a(lib_a-memmove.o)
                0x080079c4                memmove
 .text          0x08007a94      0x938 c:/users/yunkei/mentorgraphics/sourcery_codebench_lite_for_arm_eabi/bin/../lib/gcc/arm-none-eabi/4.8.3/../../../../arm-none-eabi/lib/thumb2\libc.a(lib_a-mprec.o)
                0x08007a94                _Balloc
                0x08007b00                _Bfree
                0x08007b38                __multadd
                0x08007bc4                __s2b
                0x08007c5c                __hi0bits
                0x08007c98                __lo0bits
                0x08007cf0                __i2b
                0x08007d04                __multiply
                0x08007e44                __pow5mult
                0x08007efc                __lshift
                0x08007fb4                __mcmp
                0x08007ff8                __mdiff
                0x080080e4                __ulp
                0x08008128                __b2d
                0x080081d4                __d2b
                0x08008290                __ratio
                0x080082f0                _mprec_log10
                0x08008324                __copybits
                0x0800836c                __any_on
 .text          0x080083cc      0x3ec c:/users/yunkei/mentorgraphics/sourcery_codebench_lite_for_arm_eabi/bin/../lib/gcc/arm-none-eabi/4.8.3/../../../../arm-none-eabi/lib/thumb2\libc.a(lib_a-reallocr.o)
                0x080083cc                _realloc_r
 .text          0x080087b8       0x88 c:/users/yunkei/mentorgraphics/sourcery_codebench_lite_for_arm_eabi/bin/../lib/gcc/arm-none-eabi/4.8.3/../../../../arm-none-eabi/lib/thumb2\libc.a(lib_a-stdio.o)
                0x080087b8                __sread
                0x080087dc                __seofread
                0x080087e0                __swrite
                0x08008818                __sseek
                0x08008838                __sclose
 .text          0x08008840      0xbe0 c:/users/yunkei/mentorgraphics/sourcery_codebench_lite_for_arm_eabi/bin/../lib/gcc/arm-none-eabi/4.8.3/../../../../arm-none-eabi/lib/thumb2\libc.a(lib_a-svfiprintf.o)
                0x08008840                __ssprint_r
                0x08008944                _svfiprintf_r
 .text          0x08009420      0xeb8 c:/users/yunkei/mentorgraphics/sourcery_codebench_lite_for_arm_eabi/bin/../lib/gcc/arm-none-eabi/4.8.3/../../../../arm-none-eabi/lib/thumb2\libc.a(lib_a-vfiprintf.o)
                0x08009498                __sprint_r
                0x080094b0                _vfiprintf_r
                0x0800a240                vfiprintf
 .text          0x0800a2d8       0x2c c:/users/yunkei/mentorgraphics/sourcery_codebench_lite_for_arm_eabi/bin/../lib/gcc/arm-none-eabi/4.8.3/../../../../arm-none-eabi/lib/thumb2\libc.a(lib_a-writer.o)
                0x0800a2d8                _write_r
 .text          0x0800a304       0x28 c:/users/yunkei/mentorgraphics/sourcery_codebench_lite_for_arm_eabi/bin/../lib/gcc/arm-none-eabi/4.8.3/../../../../arm-none-eabi/lib/thumb2\libc.a(lib_a-closer.o)
                0x0800a304                _close_r
 .text          0x0800a32c       0xc0 c:/users/yunkei/mentorgraphics/sourcery_codebench_lite_for_arm_eabi/bin/../lib/gcc/arm-none-eabi/4.8.3/../../../../arm-none-eabi/lib/thumb2\libc.a(lib_a-fclose.o)
                0x0800a32c                _fclose_r
                0x0800a3dc                fclose
 .text          0x0800a3ec      0x124 c:/users/yunkei/mentorgraphics/sourcery_codebench_lite_for_arm_eabi/bin/../lib/gcc/arm-none-eabi/4.8.3/../../../../arm-none-eabi/lib/thumb2\libc.a(lib_a-fputwc.o)
                0x0800a3ec                _fputwc_r
                0x0800a4b4                fputwc
 .text          0x0800a510       0x28 c:/users/yunkei/mentorgraphics/sourcery_codebench_lite_for_arm_eabi/bin/../lib/gcc/arm-none-eabi/4.8.3/../../../../arm-none-eabi/lib/thumb2\libc.a(lib_a-fstatr.o)
                0x0800a510                _fstat_r
 .text          0x0800a538       0x28 c:/users/yunkei/mentorgraphics/sourcery_codebench_lite_for_arm_eabi/bin/../lib/gcc/arm-none-eabi/4.8.3/../../../../arm-none-eabi/lib/thumb2\libc.a(lib_a-isattyr.o)
                0x0800a538                _isatty_r
 .text          0x0800a560       0x2c c:/users/yunkei/mentorgraphics/sourcery_codebench_lite_for_arm_eabi/bin/../lib/gcc/arm-none-eabi/4.8.3/../../../../arm-none-eabi/lib/thumb2\libc.a(lib_a-lseekr.o)
                0x0800a560                _lseek_r
 .text          0x0800a58c       0x2c c:/users/yunkei/mentorgraphics/sourcery_codebench_lite_for_arm_eabi/bin/../lib/gcc/arm-none-eabi/4.8.3/../../../../arm-none-eabi/lib/thumb2\libc.a(lib_a-readr.o)
                0x0800a58c                _read_r
 .text          0x0800a5b8       0xe8 c:/users/yunkei/mentorgraphics/sourcery_codebench_lite_for_arm_eabi/bin/../lib/gcc/arm-none-eabi/4.8.3/../../../../arm-none-eabi/lib/thumb2\libc.a(lib_a-wbuf.o)
                0x0800a5b8                __swbuf_r
                0x0800a68c                __swbuf
 .text          0x0800a6a0       0xb4 c:/users/yunkei/mentorgraphics/sourcery_codebench_lite_for_arm_eabi/bin/../lib/gcc/arm-none-eabi/4.8.3/../../../../arm-none-eabi/lib/thumb2\libc.a(lib_a-wcrtomb.o)
                0x0800a6a0                _wcrtomb_r
                0x0800a6f8                wcrtomb
 .text          0x0800a754       0x48 c:/users/yunkei/mentorgraphics/sourcery_codebench_lite_for_arm_eabi/bin/../lib/gcc/arm-none-eabi/4.8.3/../../../../arm-none-eabi/lib/thumb2\libc.a(lib_a-wctomb_r.o)
                0x0800a754                __ascii_wctomb
                0x0800a76c                _wctomb_r
 *fill*         0x0800a79c        0x4 
 .text          0x0800a7a0      0x278 c:/users/yunkei/mentorgraphics/sourcery_codebench_lite_for_arm_eabi/bin/../lib/gcc/arm-none-eabi/4.8.3/thumb2\libgcc.a(_udivsi3.o)
                0x0800a7a0                __aeabi_uidiv
                0x0800a7a0                __udivsi3
                0x0800a9fc                __aeabi_uidivmod
 .text          0x0800aa18        0x4 c:/users/yunkei/mentorgraphics/sourcery_codebench_lite_for_arm_eabi/bin/../lib/gcc/arm-none-eabi/4.8.3/thumb2\libgcc.a(_dvmd_tls.o)
                0x0800aa18                __aeabi_idiv0
                0x0800aa18                __aeabi_ldiv0
 .text          0x0800aa1c      0x370 c:/users/yunkei/mentorgraphics/sourcery_codebench_lite_for_arm_eabi/bin/../lib/gcc/arm-none-eabi/4.8.3/thumb2\libgcc.a(_arm_addsubdf3.o)
                0x0800aa1c                __aeabi_drsub
                0x0800aa24                __aeabi_dsub
                0x0800aa24                __subdf3
                0x0800aa28                __aeabi_dadd
                0x0800aa28                __adddf3
                0x0800aca0                __floatunsidf
                0x0800aca0                __aeabi_ui2d
                0x0800acc0                __floatsidf
                0x0800acc0                __aeabi_i2d
                0x0800ace4                __aeabi_f2d
                0x0800ace4                __extendsfdf2
                0x0800ad20                __floatundidf
                0x0800ad20                __aeabi_ul2d
                0x0800ad30                __floatdidf
                0x0800ad30                __aeabi_l2d
 .text          0x0800ad8c      0x424 c:/users/yunkei/mentorgraphics/sourcery_codebench_lite_for_arm_eabi/bin/../lib/gcc/arm-none-eabi/4.8.3/thumb2\libgcc.a(_arm_muldivdf3.o)
                0x0800ad8c                __aeabi_dmul
                0x0800ad8c                __muldf3
                0x0800afe0                __divdf3
                0x0800afe0                __aeabi_ddiv
 .text          0x0800b1b0      0x110 c:/users/yunkei/mentorgraphics/sourcery_codebench_lite_for_arm_eabi/bin/../lib/gcc/arm-none-eabi/4.8.3/thumb2\libgcc.a(_arm_cmpdf2.o)
                0x0800b1b0                __gtdf2
                0x0800b1b0                __gedf2
                0x0800b1b8                __ltdf2
                0x0800b1b8                __ledf2
                0x0800b1c0                __nedf2
                0x0800b1c0                __eqdf2
                0x0800b1c0                __cmpdf2
                0x0800b23c                __aeabi_cdrcmple
                0x0800b24c                __aeabi_cdcmpeq
                0x0800b24c                __aeabi_cdcmple
                0x0800b25c                __aeabi_dcmpeq
                0x0800b270                __aeabi_dcmplt
                0x0800b284                __aeabi_dcmple
                0x0800b298                __aeabi_dcmpge
                0x0800b2ac                __aeabi_dcmpgt
 .text          0x0800b2c0       0x50 c:/users/yunkei/mentorgraphics/sourcery_codebench_lite_for_arm_eabi/bin/../lib/gcc/arm-none-eabi/4.8.3/thumb2\libgcc.a(_arm_fixdfsi.o)
                0x0800b2c0                __aeabi_d2iz
                0x0800b2c0                __fixdfsi
 .text          0x0800b310       0x40 c:/users/yunkei/mentorgraphics/sourcery_codebench_lite_for_arm_eabi/bin/../lib/gcc/arm-none-eabi/4.8.3/thumb2\libgcc.a(_arm_fixunsdfsi.o)
                0x0800b310                __aeabi_d2uiz
                0x0800b310                __fixunsdfsi
 .text          0x0800b350       0xa0 c:/users/yunkei/mentorgraphics/sourcery_codebench_lite_for_arm_eabi/bin/../lib/gcc/arm-none-eabi/4.8.3/thumb2\libgcc.a(_arm_truncdfsf2.o)
                0x0800b350                __truncdfsf2
                0x0800b350                __aeabi_d2f
 .text          0x0800b3f0       0x2c c:/users/yunkei/mentorgraphics/sourcery_codebench_lite_for_arm_eabi/bin/../lib/gcc/arm-none-eabi/4.8.3/thumb2\libgcc.a(_aeabi_uldivmod.o)
                0x0800b3f0                __aeabi_uldivmod
 .text          0x0800b41c       0x60 c:/users/yunkei/mentorgraphics/sourcery_codebench_lite_for_arm_eabi/bin/../lib/gcc/arm-none-eabi/4.8.3/thumb2\libgcc.a(bpabi.o)
                0x0800b41c                __gnu_ldivmod_helper
                0x0800b44c                __gnu_uldivmod_helper
 .text          0x0800b47c      0xa38 c:/users/yunkei/mentorgraphics/sourcery_codebench_lite_for_arm_eabi/bin/../lib/gcc/arm-none-eabi/4.8.3/thumb2\libgcc.a(unwind-arm.o)
                0x0800b768                _Unwind_GetCFA
                0x0800b76c                __gnu_Unwind_RaiseException
                0x0800b7cc                __gnu_Unwind_ForcedUnwind
                0x0800b7e0                __gnu_Unwind_Resume
                0x0800b824                __gnu_Unwind_Resume_or_Rethrow
                0x0800b83c                _Unwind_Complete
                0x0800b840                _Unwind_DeleteException
                0x0800b850                _Unwind_VRS_Get
                0x0800b8a8                _Unwind_VRS_Set
                0x0800b904                __gnu_Unwind_Backtrace
                0x0800bc38                __aeabi_unwind_cpp_pr0
                0x0800bc3c                __aeabi_unwind_cpp_pr1
                0x0800bc40                __aeabi_unwind_cpp_pr2
                0x0800bc44                _Unwind_VRS_Pop
 .text          0x0800beb4      0x1ac c:/users/yunkei/mentorgraphics/sourcery_codebench_lite_for_arm_eabi/bin/../lib/gcc/arm-none-eabi/4.8.3/thumb2\libgcc.a(libunwind.o)
                0x0800beb4                __restore_core_regs
                0x0800beb4                restore_core_regs
                0x0800becc                __gnu_Unwind_Restore_VFP
                0x0800bed4                __gnu_Unwind_Save_VFP
                0x0800bedc                __gnu_Unwind_Restore_VFP_D
                0x0800bee4                __gnu_Unwind_Save_VFP_D
                0x0800beec                __gnu_Unwind_Restore_VFP_D_16_to_31
                0x0800bef4                __gnu_Unwind_Save_VFP_D_16_to_31
                0x0800befc                __gnu_Unwind_Restore_WMMXD
                0x0800bf40                __gnu_Unwind_Save_WMMXD
                0x0800bf84                __gnu_Unwind_Restore_WMMXC
                0x0800bf98                __gnu_Unwind_Save_WMMXC
                0x0800bfac                ___Unwind_RaiseException
                0x0800bfac                _Unwind_RaiseException
                0x0800bfd0                _Unwind_Resume
                0x0800bfd0                ___Unwind_Resume
                0x0800bff4                _Unwind_Resume_or_Rethrow
                0x0800bff4                ___Unwind_Resume_or_Rethrow
                0x0800c018                _Unwind_ForcedUnwind
                0x0800c018                ___Unwind_ForcedUnwind
                0x0800c03c                ___Unwind_Backtrace
                0x0800c03c                _Unwind_Backtrace
 .text          0x0800c060      0x380 c:/users/yunkei/mentorgraphics/sourcery_codebench_lite_for_arm_eabi/bin/../lib/gcc/arm-none-eabi/4.8.3/thumb2\libgcc.a(pr-support.o)
                0x0800c0b4                __gnu_unwind_execute
                0x0800c384                __gnu_unwind_frame
                0x0800c3b0                _Unwind_GetRegionStart
                0x0800c3bc                _Unwind_GetLanguageSpecificData
                0x0800c3d0                _Unwind_GetDataRelBase
                0x0800c3d8                _Unwind_GetTextRelBase
 .text          0x0800c3e0      0x354 c:/users/yunkei/mentorgraphics/sourcery_codebench_lite_for_arm_eabi/bin/../lib/gcc/arm-none-eabi/4.8.3/thumb2\libgcc.a(_divdi3.o)
                0x0800c3e0                __divdi3
 .text          0x0800c734      0x300 c:/users/yunkei/mentorgraphics/sourcery_codebench_lite_for_arm_eabi/bin/../lib/gcc/arm-none-eabi/4.8.3/thumb2\libgcc.a(_udivdi3.o)
                0x0800c734                __udivdi3
 *(.text*)
 .text._ZN9__gnu_cxx27__verbose_terminate_handlerEv
                0x0800ca34        0x4 ./startup/LibraryHacks.o
                0x0800ca34                __gnu_cxx::__verbose_terminate_handler()
 .text._Znwj    0x0800ca38        0x8 ./startup/LibraryHacks.o
                0x0800ca38                operator new(unsigned int)
 .text._Znaj    0x0800ca40        0x8 ./startup/LibraryHacks.o
                0x0800ca40                operator new[](unsigned int)
 .text._ZdlPv   0x0800ca48        0x8 ./startup/LibraryHacks.o
                0x0800ca48                operator delete(void*)
 .text._ZdaPv   0x0800ca50        0x8 ./startup/LibraryHacks.o
                0x0800ca50                operator delete[](void*)
 .text._close   0x0800ca58        0x8 ./startup/newlib_stubs.o
                0x0800ca58                _close
 .text._fstat   0x0800ca60        0xc ./startup/newlib_stubs.o
                0x0800ca60                _fstat
 .text._getpid  0x0800ca6c        0x4 ./startup/newlib_stubs.o
                0x0800ca6c                _getpid
 .text._isatty  0x0800ca70       0x18 ./startup/newlib_stubs.o
                0x0800ca70                _isatty
 .text._kill    0x0800ca88       0x14 ./startup/newlib_stubs.o
                0x0800ca88                _kill
 .text._lseek   0x0800ca9c        0x4 ./startup/newlib_stubs.o
                0x0800ca9c                _lseek
 .text.__io_getchar
                0x0800caa0       0x40 ./startup/newlib_stubs.o
                0x0800caa0                __io_getchar
 .text._read    0x0800cae0       0x38 ./startup/newlib_stubs.o
                0x0800cae0                _read
 .text.__io_putchar
                0x0800cb18       0x44 ./startup/newlib_stubs.o
                0x0800cb18                __io_putchar
 .text._write   0x0800cb5c       0x5c ./startup/newlib_stubs.o
                0x0800cb5c                _write
 .text._exit    0x0800cbb8       0x14 ./startup/newlib_stubs.o
                0x0800cbb8                _exit
 .text._sbrk    0x0800cbcc       0x70 ./startup/newlib_stubs.o
                0x0800cbcc                _sbrk
 .text.SystemInit
                0x0800cc3c      0x134 ./startup/system_stm32f4xx.o
                0x0800cc3c                SystemInit
 .text._ZN7Sensors12AccelerationC2Ev
                0x0800cd70       0x64 ./src/Acceleration.o
                0x0800cd70                Sensors::Acceleration::Acceleration()
                0x0800cd70                Sensors::Acceleration::Acceleration()
 .text._ZN7Sensors12Acceleration11getInstanceEv
                0x0800cdd4        0xc ./src/Acceleration.o
                0x0800cdd4                Sensors::Acceleration::getInstance()
 .text._ZN7Sensors12Acceleration22getMovingAverageFilterEi
                0x0800cde0        0x8 ./src/Acceleration.o
                0x0800cde0                Sensors::Acceleration::getMovingAverageFilter(int)
 .text._ZN7Sensors12Acceleration6UpdateEv
                0x0800cde8       0x2c ./src/Acceleration.o
                0x0800cde8                Sensors::Acceleration::Update()
 .text._ZN5Debug7BatteryC2Ev
                0x0800ce14      0x118 ./src/Battery.o
                0x0800ce14                Debug::Battery::Battery()
                0x0800ce14                Debug::Battery::Battery()
 .text._ZN13Communication13CommunicatingC2EP13USART_TypeDefb
                0x0800cf2c       0x30 ./src/Communicating.o
                0x0800cf2c                Communication::Communicating::Communicating(USART_TypeDef*, bool)
                0x0800cf2c                Communication::Communicating::Communicating(USART_TypeDef*, bool)
 .text._ZN13Communication13Communicating10getInstantEv
                0x0800cf5c        0xc ./src/Communicating.o
                0x0800cf5c                Communication::Communicating::getInstant()
 .text._ZN13Communication13Communicating8SendPollEv
                0x0800cf68       0x68 ./src/Communicating.o
                0x0800cf68                Communication::Communicating::SendPoll()
 .text._ZN13Communication13Communicating12floatToBytesEfPh
                0x0800cfd0       0x14 ./src/Communicating.o
                0x0800cfd0                Communication::Communicating::floatToBytes(float, unsigned char*)
 .text._ZN13Communication13Communicating6RFSendEif
                0x0800cfe4       0x8c ./src/Communicating.o
                0x0800cfe4                Communication::Communicating::RFSend(int, float)
 .text._Z12StoppingTaskv
                0x0800d070      0x160 ./src/Controlling.o
                0x0800d070                StoppingTask()
 .text._ZN7Control11ControllingC2Ev
                0x0800d1d0      0x408 ./src/Controlling.o
                0x0800d1d0                Control::Controlling::Controlling()
                0x0800d1d0                Control::Controlling::Controlling()
 .text._ZN7Control11Controlling7RPM2PWMEif
                0x0800d5d8       0xf0 ./src/Controlling.o
                0x0800d5d8                Control::Controlling::RPM2PWM(int, float)
 .text._ZN7Control11Controlling8StoppingEv
                0x0800d6c8       0x14 ./src/Controlling.o
                0x0800d6c8                Control::Controlling::Stopping()
 .text._Z12StartingTaskv
                0x0800d6dc      0x13c ./src/Controlling.o
                0x0800d6dc                StartingTask()
 .text._ZN4Time5Delay14Simple100DelayEv
                0x0800d818       0x10 ./src/Delay.o
                0x0800d818                Time::Delay::Simple100Delay()
 .text._ZN4Time5Delay7DelayUSEt
                0x0800d828       0x18 ./src/Delay.o
                0x0800d828                Time::Delay::DelayUS(unsigned short)
 .text._ZN4Time5Delay7DelayMSEt
                0x0800d840       0x1c ./src/Delay.o
                0x0800d840                Time::Delay::DelayMS(unsigned short)
 .text._ZN13Communication3I2CC2EP11I2C_TypeDefNS0_5CLOCKE
                0x0800d85c       0xf4 ./src/I2C.o
                0x0800d85c                Communication::I2C::I2C(I2C_TypeDef*, Communication::I2C::CLOCK)
                0x0800d85c                Communication::I2C::I2C(I2C_TypeDef*, Communication::I2C::CLOCK)
 .text._ZN13Communication3I2C8ResetI2CEv
                0x0800d950      0x130 ./src/I2C.o
                0x0800d950                Communication::I2C::ResetI2C()
 .text._ZN13Communication3I2C11getInstanceEP11I2C_TypeDef
                0x0800da80       0x34 ./src/I2C.o
                0x0800da80                Communication::I2C::getInstance(I2C_TypeDef*)
 .text._ZN13Communication3I2C5WriteEhhh
                0x0800dab4      0x144 ./src/I2C.o
                0x0800dab4                Communication::I2C::Write(unsigned char, unsigned char, unsigned char)
 .text._ZN13Communication3I2C9BurstReadEhhhPh
                0x0800dbf8      0x1f8 ./src/I2C.o
                0x0800dbf8                Communication::I2C::BurstRead(unsigned char, unsigned char, unsigned char, unsigned char*)
 .text._ZN4Math6KalmanC2EdPddd
                0x0800ddf0       0x80 ./src/Kalman.o
                0x0800ddf0                Math::Kalman::Kalman(double, double*, double, double)
                0x0800ddf0                Math::Kalman::Kalman(double, double*, double, double)
 .text._ZN4Math6Kalman19MeasurementResidualEdd
                0x0800de70       0x30 ./src/Kalman.o
                0x0800de70                Math::Kalman::MeasurementResidual(double, double)
 .text._ZN4Math6Kalman29MeasurementResidualCovarianceEv
                0x0800dea0       0x38 ./src/Kalman.o
                0x0800dea0                Math::Kalman::MeasurementResidualCovariance()
 .text._ZN4Math6Kalman17CovariancePredictEv
                0x0800ded8       0x18 ./src/Kalman.o
                0x0800ded8                Math::Kalman::CovariancePredict()
 .text._ZN4Math6Kalman11StateUpdateEv
                0x0800def0       0x60 ./src/Kalman.o
                0x0800def0                Math::Kalman::StateUpdate()
 .text._ZN4Math6Kalman16CovarianceUpdateEv
                0x0800df50       0x50 ./src/Kalman.o
                0x0800df50                Math::Kalman::CovarianceUpdate()
 .text._ZN4Math6Kalman4GainEv
                0x0800dfa0       0xf8 ./src/Kalman.o
                0x0800dfa0                Math::Kalman::Gain()
 .text._ZN4Math6Kalman9FilteringEPddd
                0x0800e098       0x50 ./src/Kalman.o
                0x0800e098                Math::Kalman::Filtering(double*, double, double)
 .text._Z10Blink_Led1v
                0x0800e0e8       0x14 ./src/Leds.o
                0x0800e0e8                Blink_Led1()
 .text._Z10Blink_Led2v
                0x0800e0fc       0x14 ./src/Leds.o
                0x0800e0fc                Blink_Led2()
 .text._Z10Blink_Led3v
                0x0800e110       0x14 ./src/Leds.o
                0x0800e110                Blink_Led3()
 .text._Z10Blink_Led4v
                0x0800e124       0x14 ./src/Leds.o
                0x0800e124                Blink_Led4()
 .text._ZN5Debug4LedsC2Ev
                0x0800e138       0x48 ./src/Leds.o
                0x0800e138                Debug::Leds::Leds()
                0x0800e138                Debug::Leds::Leds()
 .text._ZN5Debug4Leds11getInstanceEv
                0x0800e180        0xc ./src/Leds.o
                0x0800e180                Debug::Leds::getInstance()
 .text._ZN5Debug4Leds6ToggleENS0_4LEDSE
                0x0800e18c       0x58 ./src/Leds.o
                0x0800e18c                Debug::Leds::Toggle(Debug::Leds::LEDS)
 .text._ZN5Debug4Leds5BlinkEtNS0_4LEDSEb
                0x0800e1e4       0xe4 ./src/Leds.o
                0x0800e1e4                Debug::Leds::Blink(unsigned short, Debug::Leds::LEDS, bool)
 .text._ZN7Sensors7MPU605018FastInitializationEv
                0x0800e2c8       0xb0 ./src/MPU6050.o
                0x0800e2c8                Sensors::MPU6050::FastInitialization()
 .text._ZN7Sensors7MPU6050C2Ed
                0x0800e378       0xa8 ./src/MPU6050.o
                0x0800e378                Sensors::MPU6050::MPU6050(double)
                0x0800e378                Sensors::MPU6050::MPU6050(double)
 .text._ZN7Sensors7MPU605011getInstanceEv
                0x0800e420        0xc ./src/MPU6050.o
                0x0800e420                Sensors::MPU6050::getInstance()
 *fill*         0x0800e42c        0x4 
 .text._ZN7Sensors7MPU60506UpdateEv
                0x0800e430      0x160 ./src/MPU6050.o
                0x0800e430                Sensors::MPU6050::Update()
 .text._Z10UpdateTaskv
                0x0800e590       0x14 ./src/MPU6050.o
                0x0800e590                UpdateTask()
 .text._ZN7Sensors7MPU605011getRawOmegaEi
                0x0800e5a4        0xc ./src/MPU6050.o
                0x0800e5a4                Sensors::MPU6050::getRawOmega(int)
 .text._ZN7Sensors7MPU60509getRawAccEi
                0x0800e5b0        0xc ./src/MPU6050.o
                0x0800e5b0                Sensors::MPU6050::getRawAcc(int)
 .text._Z7Testingv
                0x0800e5bc        0x4 ./src/Main.o
                0x0800e5bc                Testing()
 .text._Z10initUpdatev
                0x0800e5c0       0x1c ./src/Main.o
                0x0800e5c0                initUpdate()
 .text._Z6Updatev
                0x0800e5dc       0x24 ./src/Main.o
                0x0800e5dc                Update()
 .text._Z8SendTaskv
                0x0800e600        0xc ./src/Main.o
                0x0800e600                SendTask()
 .text.TIM4_IRQHandler
                0x0800e60c       0xa4 ./src/Main.o
                0x0800e60c                TIM4_IRQHandler
 .text.main     0x0800e6b0      0x178 ./src/Main.o
                0x0800e6b0                main
 .text.HardFault_Handler
                0x0800e828        0x4 ./src/Main.o
                0x0800e828                HardFault_Handler
 .text._ZN4Math6MatrixIdEC2Eii
                0x0800e82c       0x54 ./src/Main.o
                0x0800e82c                Math::Matrix<double>::Matrix(int, int)
                0x0800e82c                Math::Matrix<double>::Matrix(int, int)
 .text._ZN4Math6MatrixIdED2Ev
                0x0800e880       0x54 ./src/Main.o
                0x0800e880                Math::Matrix<double>::~Matrix()
                0x0800e880                Math::Matrix<double>::~Matrix()
 .text._ZN4Math6MatrixIdEixEi
                0x0800e8d4       0x24 ./src/Main.o
                0x0800e8d4                Math::Matrix<double>::operator[](int)
 .text._Z10matrix_newii
                0x0800e8f8       0x50 ./src/MathAlgorithm.o
                0x0800e8f8                matrix_new(int, int)
 .text._Z13matrix_deleteP5mat_t
                0x0800e948       0x1c ./src/MathAlgorithm.o
                0x0800e948                matrix_delete(mat_t*)
 .text._Z16matrix_transposeP5mat_t
                0x0800e964       0x64 ./src/MathAlgorithm.o
                0x0800e964                matrix_transpose(mat_t*)
 .text._Z11matrix_copyPPdii
                0x0800e9c8       0x54 ./src/MathAlgorithm.o
                0x0800e9c8                matrix_copy(double**, int, int)
 .text._Z10matrix_mulP5mat_tS0_
                0x0800ea1c       0xb4 ./src/MathAlgorithm.o
                0x0800ea1c                matrix_mul(mat_t*, mat_t*)
 .text._Z12matrix_minorP5mat_ti
                0x0800ead0       0x84 ./src/MathAlgorithm.o
                0x0800ead0                matrix_minor(mat_t*, int)
 .text._Z5vmaddPdS_dS_i
                0x0800eb54       0x44 ./src/MathAlgorithm.o
                0x0800eb54                vmadd(double*, double*, double, double*, int)
 .text._Z4vmulPdi
                0x0800eb98       0xb0 ./src/MathAlgorithm.o
                0x0800eb98                vmul(double*, int)
 .text._Z5vnormPdi
                0x0800ec48       0x40 ./src/MathAlgorithm.o
                0x0800ec48                vnorm(double*, int)
 .text._Z4vdivPddS_i
                0x0800ec88       0x34 ./src/MathAlgorithm.o
                0x0800ec88                vdiv(double*, double, double*, int)
 .text._Z4mcolP5mat_tPdi
                0x0800ecbc       0x2c ./src/MathAlgorithm.o
                0x0800ecbc                mcol(mat_t*, double*, int)
 .text._Z11householderP5mat_tRN4Math6MatrixIdEES4_
                0x0800ece8      0x2d0 ./src/MathAlgorithm.o
                0x0800ece8                householder(mat_t*, Math::Matrix<double>&, Math::Matrix<double>&)
 .text._ZN4Math13MathAlgorithm11QRDecomposeERNS_6MatrixIdEES3_S3_
                0x0800efb8       0x78 ./src/MathAlgorithm.o
                0x0800efb8                Math::MathAlgorithm::QRDecompose(Math::Matrix<double>&, Math::Matrix<double>&, Math::Matrix<double>&)
 .text._ZN4Math6MatrixIdE11SetIdentityEv
                0x0800f030       0x64 ./src/MathAlgorithm.o
                0x0800f030                Math::Matrix<double>::SetIdentity()
 .text._ZN4Math6MatrixIdEaSERS1_
                0x0800f094       0x50 ./src/MathAlgorithm.o
                0x0800f094                Math::Matrix<double>::operator=(Math::Matrix<double>&)
 *fill*         0x0800f0e4        0x4 
 .text._ZN4Math6MatrixIdE14MultiplicationERS1_
                0x0800f0e8      0x160 ./src/MathAlgorithm.o
                0x0800f0e8                Math::Matrix<double>::Multiplication(Math::Matrix<double>&)
 .text._ZN4Math13MathAlgorithm18EigenDecompositionERNS_6MatrixIdEES3_S3_
                0x0800f248      0x128 ./src/MathAlgorithm.o
                0x0800f248                Math::MathAlgorithm::EigenDecomposition(Math::Matrix<double>&, Math::Matrix<double>&, Math::Matrix<double>&)
 .text._ZN4Math9MathTools4SqrtEf
                0x0800f370       0x38 ./src/MathTools.o
                0x0800f370                Math::MathTools::Sqrt(float)
 .text._ZN4Math9MathTools14DegreeToRadianEd
                0x0800f3a8       0x18 ./src/MathTools.o
                0x0800f3a8                Math::MathTools::DegreeToRadian(double)
 .text._ZN4Math9MathTools4TrimEddd
                0x0800f3c0       0x40 ./src/MathTools.o
                0x0800f3c0                Math::MathTools::Trim(double, double, double)
 .text._ZN4Math9MathTools6CutOffEddd
                0x0800f400       0x48 ./src/MathTools.o
                0x0800f400                Math::MathTools::CutOff(double, double, double)
 .text._ZN4Math25MovingWindowAverageFilterC2Ei
                0x0800f448       0x38 ./src/MovingWindowAverageFilter.o
                0x0800f448                Math::MovingWindowAverageFilter::MovingWindowAverageFilter(int)
                0x0800f448                Math::MovingWindowAverageFilter::MovingWindowAverageFilter(int)
 .text._ZN4Math25MovingWindowAverageFilter6UpdateEd
                0x0800f480       0x58 ./src/MovingWindowAverageFilter.o
                0x0800f480                Math::MovingWindowAverageFilter::Update(double)
 .text._ZN4Math25MovingWindowAverageFilter10getAverageEv
                0x0800f4d8       0x4c ./src/MovingWindowAverageFilter.o
                0x0800f4d8                Math::MovingWindowAverageFilter::getAverage()
 .text._ZN13Communication6NRF9058setTrxceEv
                0x0800f524       0x14 ./src/NRF905.o
                0x0800f524                Communication::NRF905::setTrxce()
 .text._ZN13Communication6NRF9058clrTrxceEv
                0x0800f538       0x14 ./src/NRF905.o
                0x0800f538                Communication::NRF905::clrTrxce()
 .text._ZN13Communication6NRF9057clrTxenEv
                0x0800f54c       0x10 ./src/NRF905.o
                0x0800f54c                Communication::NRF905::clrTxen()
 .text._ZN13Communication6NRF90510setStandbyEv
                0x0800f55c       0x10 ./src/NRF905.o
                0x0800f55c                Communication::NRF905::setStandby()
 .text._ZN13Communication6NRF90510setReceiveEv
                0x0800f56c       0x18 ./src/NRF905.o
                0x0800f56c                Communication::NRF905::setReceive()
 .text.EXTI9_5_IRQHandler
                0x0800f584       0xa4 ./src/NRF905.o
                0x0800f584                EXTI9_5_IRQHandler
 .text._ZN7Sensors5OmegaC2Ev
                0x0800f628        0xc ./src/Omega.o
                0x0800f628                Sensors::Omega::Omega()
                0x0800f628                Sensors::Omega::Omega()
 .text._ZN7Sensors5Omega11getInstanceEv
                0x0800f634        0xc ./src/Omega.o
                0x0800f634                Sensors::Omega::getInstance()
 .text._ZN7Sensors5Omega6UpdateEv
                0x0800f640       0x1c ./src/Omega.o
                0x0800f640                Sensors::Omega::Update()
 .text._ZN7Sensors5Omega8getOmegaEi
                0x0800f65c        0xc ./src/Omega.o
                0x0800f65c                Sensors::Omega::getOmega(int)
 .text._ZN7Control3PWM10getInstantEv
                0x0800f668        0xc ./src/PWM.o
                0x0800f668                Control::PWM::getInstant()
 *fill*         0x0800f674        0x4 
 .text._ZN7Control3PWMC2Ev
                0x0800f678      0x158 ./src/PWM.o
                0x0800f678                Control::PWM::PWM()
                0x0800f678                Control::PWM::PWM()
 .text._ZN7Control3PWM7ControlEid
                0x0800f7d0       0xe0 ./src/PWM.o
                0x0800f7d0                Control::PWM::Control(int, double)
 .text._ZN7Sensors16PhasesMonitoring11getInstanceEv
                0x0800f8b0        0xc ./src/PhasesMonitoring.o
                0x0800f8b0                Sensors::PhasesMonitoring::getInstance()
 .text._ZN7Sensors16PhasesMonitoring19setInterruptEnabledEib
                0x0800f8bc       0xac ./src/PhasesMonitoring.o
                0x0800f8bc                Sensors::PhasesMonitoring::setInterruptEnabled(int, bool)
 .text._ZN7Sensors16PhasesMonitoring6getRPMEi
                0x0800f968       0x34 ./src/PhasesMonitoring.o
                0x0800f968                Sensors::PhasesMonitoring::getRPM(int)
 .text.TIM3_IRQHandler
                0x0800f99c      0x280 ./src/PhasesMonitoring.o
                0x0800f99c                TIM3_IRQHandler
 .text._ZN4Math3PidC2Eiddddd
                0x0800fc1c       0x50 ./src/Pid.o
                0x0800fc1c                Math::Pid::Pid(int, double, double, double, double, double)
                0x0800fc1c                Math::Pid::Pid(int, double, double, double, double, double)
 .text._ZN4Math3Pid11getInstanceEi
                0x0800fc6c       0x10 ./src/Pid.o
                0x0800fc6c                Math::Pid::getInstance(int)
 .text._ZN4Math3Pid5clearEv
                0x0800fc7c       0x14 ./src/Pid.o
                0x0800fc7c                Math::Pid::clear()
 .text._ZN4Math3Pid3pidEdd
                0x0800fc90      0x130 ./src/Pid.o
                0x0800fc90                Math::Pid::pid(double, double)
 .text._ZN4Math10Quaternion11getInstanceEv
                0x0800fdc0        0xc ./src/Quaternion.o
                0x0800fdc0                Math::Quaternion::getInstance()
 .text._ZN4Math10Quaternion13NormalizationEPdS1_
                0x0800fdcc       0xd0 ./src/Quaternion.o
                0x0800fdcc                Math::Quaternion::Normalization(double*, double*)
 .text._ZN4Math10Quaternion17EulerToQuaternionEPdS1_
                0x0800fe9c      0x188 ./src/Quaternion.o
                0x0800fe9c                Math::Quaternion::EulerToQuaternion(double*, double*)
 .text._ZN4Math10Quaternion17QuaternionToEulerEPdS1_
                0x08010024      0x15c ./src/Quaternion.o
                0x08010024                Math::Quaternion::QuaternionToEuler(double*, double*)
 .text._ZN4Math10QuaternionC2Ed
                0x08010180      0x260 ./src/Quaternion.o
                0x08010180                Math::Quaternion::Quaternion(double)
                0x08010180                Math::Quaternion::Quaternion(double)
 .text._ZN4Math6VectorIdEC2Ei
                0x080103e0       0x20 ./src/Quaternion.o
                0x080103e0                Math::Vector<double>::Vector(int)
                0x080103e0                Math::Vector<double>::Vector(int)
 .text._ZN4Math6VectorIdED2Ev
                0x08010400       0x20 ./src/Quaternion.o
                0x08010400                Math::Vector<double>::~Vector()
                0x08010400                Math::Vector<double>::~Vector()
 .text._ZN4Math6VectorIdEaSERS1_
                0x08010420       0x28 ./src/Quaternion.o
                0x08010420                Math::Vector<double>::operator=(Math::Vector<double>&)
 .text._ZN4Math6VectorIdE12CrossProductERS1_
                0x08010448       0xe8 ./src/Quaternion.o
                0x08010448                Math::Vector<double>::CrossProduct(Math::Vector<double>&)
 .text._ZN4Math10Quaternion24QuaternionMultiplicationEPdS1_S1_
                0x08010530      0x1c4 ./src/Quaternion.o
                0x08010530                Math::Quaternion::QuaternionMultiplication(double*, double*, double*)
 *fill*         0x080106f4        0x4 
 .text._ZN4Math10Quaternion6UpdateEv
                0x080106f8      0x670 ./src/Quaternion.o
                0x080106f8                Math::Quaternion::Update()
 .text.TIM2_IRQHandler
                0x08010d68       0x90 ./src/Sonic.o
                0x08010d68                TIM2_IRQHandler
 .text._ZN13Communication3Spi11getInstanceEP11SPI_TypeDef
                0x08010df8       0x34 ./src/Spi.o
                0x08010df8                Communication::Spi::getInstance(SPI_TypeDef*)
 .text._ZN13Communication3Spi4ByteEh
                0x08010e2c       0x68 ./src/Spi.o
                0x08010e2c                Communication::Spi::Byte(unsigned char)
 .text._ZN13Communication3Spi10ChipSelectEv
                0x08010e94       0x34 ./src/Spi.o
                0x08010e94                Communication::Spi::ChipSelect()
 .text._ZN13Communication3Spi12ChipDeSelectEv
                0x08010ec8       0x34 ./src/Spi.o
                0x08010ec8                Communication::Spi::ChipDeSelect()
 .text._ZN13Communication3Spi10ReadNBytesEhhPh
                0x08010efc       0x3c ./src/Spi.o
                0x08010efc                Communication::Spi::ReadNBytes(unsigned char, unsigned char, unsigned char*)
 .text._ZN4Time4TaskC2Ev
                0x08010f38       0x3c ./src/Task.o
                0x08010f38                Time::Task::Task()
                0x08010f38                Time::Task::Task()
 .text._ZN4Time4Task11getInstanceEv
                0x08010f74        0xc ./src/Task.o
                0x08010f74                Time::Task::getInstance()
 .text._ZN4Time4Task6AttachEttPFvvEbi
                0x08010f80       0x40 ./src/Task.o
                0x08010f80                Time::Task::Attach(unsigned short, unsigned short, void (*)(), bool, int)
 .text._ZN4Time4Task8DeAttachEPFvvE
                0x08010fc0       0x68 ./src/Task.o
                0x08010fc0                Time::Task::DeAttach(void (*)())
 .text._ZN4Time4Task3RunEv
                0x08011028       0x90 ./src/Task.o
                0x08011028                Time::Task::Run()
 .text._ZN4Time5Ticks10getTimeoutEv
                0x080110b8       0x20 ./src/Ticks.o
                0x080110b8                Time::Ticks::getTimeout()
 .text.SysTick_Handler
                0x080110d8       0x40 ./src/Ticks.o
                0x080110d8                SysTick_Handler
 .text._ZN4Time5TicksC2Ev
                0x08011118       0x5c ./src/Ticks.o
                0x08011118                Time::Ticks::Ticks()
                0x08011118                Time::Ticks::Ticks()
 .text._ZN4Time5Ticks11getInstanceEv
                0x08011174        0xc ./src/Ticks.o
                0x08011174                Time::Ticks::getInstance()
 .text._ZN4Time5Ticks9TicksCompEttt
                0x08011180       0x14 ./src/Ticks.o
                0x08011180                Time::Ticks::TicksComp(unsigned short, unsigned short, unsigned short)
 .text._ZN4Time5Ticks8getTicksEv
                0x08011194        0x4 ./src/Ticks.o
                0x08011194                Time::Ticks::getTicks()
 .text._ZN4Time5Ticks7TimeoutEv
                0x08011198       0x14 ./src/Ticks.o
                0x08011198                Time::Ticks::Timeout()
 .text._ZN4Time5Ticks10setTimeoutEt
                0x080111ac        0x8 ./src/Ticks.o
                0x080111ac                Time::Ticks::setTimeout(unsigned short)
 .text._ZN4Math6MatrixIdE6GetSumEv
                0x080111b4       0x4c ./src/UKF.o
                0x080111b4                Math::Matrix<double>::GetSum()
 .text._ZN4Math6MatrixIdE9TransposeEv
                0x08011200       0x6c ./src/UKF.o
                0x08011200                Math::Matrix<double>::Transpose()
 .text._ZN4Math6MatrixIdEmiERS1_
                0x0801126c       0x84 ./src/UKF.o
                0x0801126c                Math::Matrix<double>::operator-(Math::Matrix<double>&)
 .text._ZN4Math6MatrixIdE7SetZeroEv
                0x080112f0       0x40 ./src/UKF.o
                0x080112f0                Math::Matrix<double>::SetZero()
 .text._ZN4Math6MatrixIdE6AssignERS1_
                0x08011330       0x50 ./src/UKF.o
                0x08011330                Math::Matrix<double>::Assign(Math::Matrix<double>&)
 .text._ZN4Math3UKF14getSigmaPointsEPPNS_6MatrixIdEE
                0x08011380       0x30 ./src/UKF.o
                0x08011380                Math::UKF::getSigmaPoints(Math::Matrix<double>**)
 .text._ZN4Math6MatrixIdE5ScaleEd
                0x080113b0       0x84 ./src/UKF.o
                0x080113b0                Math::Matrix<double>::Scale(double)
 .text._ZN4Math6MatrixIdE3AddERS1_
                0x08011434       0x84 ./src/UKF.o
                0x08011434                Math::Matrix<double>::Add(Math::Matrix<double>&)
 .text._ZN4Math3UKF15CalcSigmaPointsEv
                0x080114b8      0x1e8 ./src/UKF.o
                0x080114b8                Math::UKF::CalcSigmaPoints()
 .text._ZN4Math3UKFC2ERNS_6MatrixIdEES3_iid
                0x080116a0      0x238 ./src/UKF.o
                0x080116a0                Math::UKF::UKF(Math::Matrix<double>&, Math::Matrix<double>&, int, int, double)
                0x080116a0                Math::UKF::UKF(Math::Matrix<double>&, Math::Matrix<double>&, int, int, double)
 .text._ZN4Math6MatrixIdEpLERS1_
                0x080118d8       0x14 ./src/UKF.o
                0x080118d8                Math::Matrix<double>::operator+=(Math::Matrix<double>&)
 .text._ZN4Math3UKF14CalcEstimationEPPNS_6MatrixIdEES4_
                0x080118ec      0x1f8 ./src/UKF.o
                0x080118ec                Math::UKF::CalcEstimation(Math::Matrix<double>**, Math::Matrix<double>**)
 *fill*         0x08011ae4        0x4 
 .text._ZN4Math3UKF15CalcMeasurementEPPNS_6MatrixIdEES4_RS2_
                0x08011ae8      0x250 ./src/UKF.o
                0x08011ae8                Math::UKF::CalcMeasurement(Math::Matrix<double>**, Math::Matrix<double>**, Math::Matrix<double>&)
 .text._ZN4Math3UKF9FilteringEPPNS_6MatrixIdEES4_RS2_
                0x08011d38       0x5c ./src/UKF.o
                0x08011d38                Math::UKF::Filtering(Math::Matrix<double>**, Math::Matrix<double>**, Math::Matrix<double>&)
 .text.DMA2_Stream7_IRQHandler
                0x08011d94       0x84 ./src/Usart.o
                0x08011d94                DMA2_Stream7_IRQHandler
 .text.DMA1_Stream3_IRQHandler
                0x08011e18       0x84 ./src/Usart.o
                0x08011e18                DMA1_Stream3_IRQHandler
 .text.DMA1_Stream1_IRQHandler
                0x08011e9c       0xb4 ./src/Usart.o
                0x08011e9c                DMA1_Stream1_IRQHandler
 .text.DMA2_Stream2_IRQHandler
                0x08011f50       0xb4 ./src/Usart.o
                0x08011f50                DMA2_Stream2_IRQHandler
 .text.USART1_IRQHandler
                0x08012004       0x3c ./src/Usart.o
                0x08012004                USART1_IRQHandler
 .text.USART3_IRQHandler
                0x08012040       0x3c ./src/Usart.o
                0x08012040                USART3_IRQHandler
 .text.UART4_IRQHandler
                0x0801207c       0x3c ./src/Usart.o
                0x0801207c                UART4_IRQHandler
 .text.UART5_IRQHandler
                0x080120b8       0x3c ./src/Usart.o
                0x080120b8                UART5_IRQHandler
 .text._ZN13Communication5Usart11getInstanceEP13USART_TypeDef
                0x080120f4       0x64 ./src/Usart.o
                0x080120f4                Communication::Usart::getInstance(USART_TypeDef*)
 .text._ZN13Communication5Usart13setPrintUsartEP13USART_TypeDef
                0x08012158       0x20 ./src/Usart.o
                0x08012158                Communication::Usart::setPrintUsart(USART_TypeDef*)
 .text._ZN13Communication5UsartC2EP13USART_TypeDefmb
                0x08012178      0x4d0 ./src/Usart.o
                0x08012178                Communication::Usart::Usart(USART_TypeDef*, unsigned long, bool)
                0x08012178                Communication::Usart::Usart(USART_TypeDef*, unsigned long, bool)
 .text._ZN13Communication5Usart5PrintEPKcz
                0x08012648      0x114 ./src/Usart.o
                0x08012648                Communication::Usart::Print(char const*, ...)
 .text.NVIC_Init
                0x0801275c       0x78 C:\Users\YunKei\Documents\Research\workspace\stm32f4-discovery\lib\libstm32f4.a(misc.o)
                0x0801275c                NVIC_Init
 .text.ADC_Init
                0x080127d4       0x50 C:\Users\YunKei\Documents\Research\workspace\stm32f4-discovery\lib\libstm32f4.a(stm32f4xx_adc.o)
                0x080127d4                ADC_Init
 .text.ADC_CommonInit
                0x08012824       0x30 C:\Users\YunKei\Documents\Research\workspace\stm32f4-discovery\lib\libstm32f4.a(stm32f4xx_adc.o)
                0x08012824                ADC_CommonInit
 .text.ADC_Cmd  0x08012854       0x18 C:\Users\YunKei\Documents\Research\workspace\stm32f4-discovery\lib\libstm32f4.a(stm32f4xx_adc.o)
                0x08012854                ADC_Cmd
 .text.ADC_RegularChannelConfig
                0x0801286c       0x94 C:\Users\YunKei\Documents\Research\workspace\stm32f4-discovery\lib\libstm32f4.a(stm32f4xx_adc.o)
                0x0801286c                ADC_RegularChannelConfig
 .text.ADC_SoftwareStartConv
                0x08012900        0xc C:\Users\YunKei\Documents\Research\workspace\stm32f4-discovery\lib\libstm32f4.a(stm32f4xx_adc.o)
                0x08012900                ADC_SoftwareStartConv
 .text.ADC_DMACmd
                0x0801290c       0x18 C:\Users\YunKei\Documents\Research\workspace\stm32f4-discovery\lib\libstm32f4.a(stm32f4xx_adc.o)
                0x0801290c                ADC_DMACmd
 .text.ADC_DMARequestAfterLastTransferCmd
                0x08012924       0x18 C:\Users\YunKei\Documents\Research\workspace\stm32f4-discovery\lib\libstm32f4.a(stm32f4xx_adc.o)
                0x08012924                ADC_DMARequestAfterLastTransferCmd
 .text.DMA_DeInit
                0x0801293c      0x1e4 C:\Users\YunKei\Documents\Research\workspace\stm32f4-discovery\lib\libstm32f4.a(stm32f4xx_dma.o)
                0x0801293c                DMA_DeInit
 .text.DMA_Init
                0x08012b20       0x5c C:\Users\YunKei\Documents\Research\workspace\stm32f4-discovery\lib\libstm32f4.a(stm32f4xx_dma.o)
                0x08012b20                DMA_Init
 .text.DMA_Cmd  0x08012b7c       0x18 C:\Users\YunKei\Documents\Research\workspace\stm32f4-discovery\lib\libstm32f4.a(stm32f4xx_dma.o)
                0x08012b7c                DMA_Cmd
 .text.DMA_SetCurrDataCounter
                0x08012b94        0x4 C:\Users\YunKei\Documents\Research\workspace\stm32f4-discovery\lib\libstm32f4.a(stm32f4xx_dma.o)
                0x08012b94                DMA_SetCurrDataCounter
 .text.DMA_ITConfig
                0x08012b98       0x44 C:\Users\YunKei\Documents\Research\workspace\stm32f4-discovery\lib\libstm32f4.a(stm32f4xx_dma.o)
                0x08012b98                DMA_ITConfig
 .text.DMA_GetITStatus
                0x08012bdc       0x64 C:\Users\YunKei\Documents\Research\workspace\stm32f4-discovery\lib\libstm32f4.a(stm32f4xx_dma.o)
                0x08012bdc                DMA_GetITStatus
 .text.DMA_ClearITPendingBit
                0x08012c40       0x38 C:\Users\YunKei\Documents\Research\workspace\stm32f4-discovery\lib\libstm32f4.a(stm32f4xx_dma.o)
                0x08012c40                DMA_ClearITPendingBit
 .text.EXTI_GetFlagStatus
                0x08012c78       0x14 C:\Users\YunKei\Documents\Research\workspace\stm32f4-discovery\lib\libstm32f4.a(stm32f4xx_exti.o)
                0x08012c78                EXTI_GetFlagStatus
 .text.EXTI_ClearITPendingBit
                0x08012c8c        0xc C:\Users\YunKei\Documents\Research\workspace\stm32f4-discovery\lib\libstm32f4.a(stm32f4xx_exti.o)
                0x08012c8c                EXTI_ClearITPendingBit
 .text.GPIO_Init
                0x08012c98       0x90 C:\Users\YunKei\Documents\Research\workspace\stm32f4-discovery\lib\libstm32f4.a(stm32f4xx_gpio.o)
                0x08012c98                GPIO_Init
 .text.GPIO_ReadInputDataBit
                0x08012d28        0xc C:\Users\YunKei\Documents\Research\workspace\stm32f4-discovery\lib\libstm32f4.a(stm32f4xx_gpio.o)
                0x08012d28                GPIO_ReadInputDataBit
 .text.GPIO_SetBits
                0x08012d34        0x4 C:\Users\YunKei\Documents\Research\workspace\stm32f4-discovery\lib\libstm32f4.a(stm32f4xx_gpio.o)
                0x08012d34                GPIO_SetBits
 .text.GPIO_ResetBits
                0x08012d38        0x4 C:\Users\YunKei\Documents\Research\workspace\stm32f4-discovery\lib\libstm32f4.a(stm32f4xx_gpio.o)
                0x08012d38                GPIO_ResetBits
 .text.GPIO_WriteBit
                0x08012d3c        0xc C:\Users\YunKei\Documents\Research\workspace\stm32f4-discovery\lib\libstm32f4.a(stm32f4xx_gpio.o)
                0x08012d3c                GPIO_WriteBit
 .text.GPIO_ToggleBits
                0x08012d48        0x8 C:\Users\YunKei\Documents\Research\workspace\stm32f4-discovery\lib\libstm32f4.a(stm32f4xx_gpio.o)
                0x08012d48                GPIO_ToggleBits
 .text.GPIO_PinAFConfig
                0x08012d50       0x28 C:\Users\YunKei\Documents\Research\workspace\stm32f4-discovery\lib\libstm32f4.a(stm32f4xx_gpio.o)
                0x08012d50                GPIO_PinAFConfig
 .text.I2C_DeInit
                0x08012d78       0x68 C:\Users\YunKei\Documents\Research\workspace\stm32f4-discovery\lib\libstm32f4.a(stm32f4xx_i2c.o)
                0x08012d78                I2C_DeInit
 .text.I2C_Init
                0x08012de0       0xe0 C:\Users\YunKei\Documents\Research\workspace\stm32f4-discovery\lib\libstm32f4.a(stm32f4xx_i2c.o)
                0x08012de0                I2C_Init
 .text.I2C_Cmd  0x08012ec0       0x1c C:\Users\YunKei\Documents\Research\workspace\stm32f4-discovery\lib\libstm32f4.a(stm32f4xx_i2c.o)
                0x08012ec0                I2C_Cmd
 .text.I2C_GenerateSTART
                0x08012edc       0x1c C:\Users\YunKei\Documents\Research\workspace\stm32f4-discovery\lib\libstm32f4.a(stm32f4xx_i2c.o)
                0x08012edc                I2C_GenerateSTART
 .text.I2C_GenerateSTOP
                0x08012ef8       0x1c C:\Users\YunKei\Documents\Research\workspace\stm32f4-discovery\lib\libstm32f4.a(stm32f4xx_i2c.o)
                0x08012ef8                I2C_GenerateSTOP
 .text.I2C_Send7bitAddress
                0x08012f14       0x10 C:\Users\YunKei\Documents\Research\workspace\stm32f4-discovery\lib\libstm32f4.a(stm32f4xx_i2c.o)
                0x08012f14                I2C_Send7bitAddress
 .text.I2C_AcknowledgeConfig
                0x08012f24       0x1c C:\Users\YunKei\Documents\Research\workspace\stm32f4-discovery\lib\libstm32f4.a(stm32f4xx_i2c.o)
                0x08012f24                I2C_AcknowledgeConfig
 .text.I2C_SendData
                0x08012f40        0x4 C:\Users\YunKei\Documents\Research\workspace\stm32f4-discovery\lib\libstm32f4.a(stm32f4xx_i2c.o)
                0x08012f40                I2C_SendData
 .text.I2C_ReceiveData
                0x08012f44        0x8 C:\Users\YunKei\Documents\Research\workspace\stm32f4-discovery\lib\libstm32f4.a(stm32f4xx_i2c.o)
                0x08012f44                I2C_ReceiveData
 .text.I2C_CheckEvent
                0x08012f4c       0x1c C:\Users\YunKei\Documents\Research\workspace\stm32f4-discovery\lib\libstm32f4.a(stm32f4xx_i2c.o)
                0x08012f4c                I2C_CheckEvent
 .text.I2C_GetFlagStatus
                0x08012f68       0x38 C:\Users\YunKei\Documents\Research\workspace\stm32f4-discovery\lib\libstm32f4.a(stm32f4xx_i2c.o)
                0x08012f68                I2C_GetFlagStatus
 .text.IWDG_WriteAccessCmd
                0x08012fa0        0xc C:\Users\YunKei\Documents\Research\workspace\stm32f4-discovery\lib\libstm32f4.a(stm32f4xx_iwdg.o)
                0x08012fa0                IWDG_WriteAccessCmd
 .text.IWDG_SetPrescaler
                0x08012fac        0xc C:\Users\YunKei\Documents\Research\workspace\stm32f4-discovery\lib\libstm32f4.a(stm32f4xx_iwdg.o)
                0x08012fac                IWDG_SetPrescaler
 .text.IWDG_SetReload
                0x08012fb8        0xc C:\Users\YunKei\Documents\Research\workspace\stm32f4-discovery\lib\libstm32f4.a(stm32f4xx_iwdg.o)
                0x08012fb8                IWDG_SetReload
 .text.IWDG_ReloadCounter
                0x08012fc4       0x10 C:\Users\YunKei\Documents\Research\workspace\stm32f4-discovery\lib\libstm32f4.a(stm32f4xx_iwdg.o)
                0x08012fc4                IWDG_ReloadCounter
 .text.IWDG_Enable
                0x08012fd4       0x10 C:\Users\YunKei\Documents\Research\workspace\stm32f4-discovery\lib\libstm32f4.a(stm32f4xx_iwdg.o)
                0x08012fd4                IWDG_Enable
 .text.RCC_GetClocksFreq
                0x08012fe4       0xdc C:\Users\YunKei\Documents\Research\workspace\stm32f4-discovery\lib\libstm32f4.a(stm32f4xx_rcc.o)
                0x08012fe4                RCC_GetClocksFreq
 .text.RCC_AHB1PeriphClockCmd
                0x080130c0       0x24 C:\Users\YunKei\Documents\Research\workspace\stm32f4-discovery\lib\libstm32f4.a(stm32f4xx_rcc.o)
                0x080130c0                RCC_AHB1PeriphClockCmd
 .text.RCC_APB1PeriphClockCmd
                0x080130e4       0x24 C:\Users\YunKei\Documents\Research\workspace\stm32f4-discovery\lib\libstm32f4.a(stm32f4xx_rcc.o)
                0x080130e4                RCC_APB1PeriphClockCmd
 .text.RCC_APB2PeriphClockCmd
                0x08013108       0x24 C:\Users\YunKei\Documents\Research\workspace\stm32f4-discovery\lib\libstm32f4.a(stm32f4xx_rcc.o)
                0x08013108                RCC_APB2PeriphClockCmd
 .text.RCC_APB1PeriphResetCmd
                0x0801312c       0x24 C:\Users\YunKei\Documents\Research\workspace\stm32f4-discovery\lib\libstm32f4.a(stm32f4xx_rcc.o)
                0x0801312c                RCC_APB1PeriphResetCmd
 .text.RCC_APB2PeriphResetCmd
                0x08013150       0x24 C:\Users\YunKei\Documents\Research\workspace\stm32f4-discovery\lib\libstm32f4.a(stm32f4xx_rcc.o)
                0x08013150                RCC_APB2PeriphResetCmd
 .text.SPI_I2S_ReceiveData
                0x08013174        0x8 C:\Users\YunKei\Documents\Research\workspace\stm32f4-discovery\lib\libstm32f4.a(stm32f4xx_spi.o)
                0x08013174                SPI_I2S_ReceiveData
 .text.SPI_I2S_SendData
                0x0801317c        0x4 C:\Users\YunKei\Documents\Research\workspace\stm32f4-discovery\lib\libstm32f4.a(stm32f4xx_spi.o)
                0x0801317c                SPI_I2S_SendData
 .text.SPI_I2S_GetFlagStatus
                0x08013180        0xc C:\Users\YunKei\Documents\Research\workspace\stm32f4-discovery\lib\libstm32f4.a(stm32f4xx_spi.o)
                0x08013180                SPI_I2S_GetFlagStatus
 .text.TIM_TimeBaseInit
                0x0801318c       0x90 C:\Users\YunKei\Documents\Research\workspace\stm32f4-discovery\lib\libstm32f4.a(stm32f4xx_tim.o)
                0x0801318c                TIM_TimeBaseInit
 .text.TIM_SetCounter
                0x0801321c        0x4 C:\Users\YunKei\Documents\Research\workspace\stm32f4-discovery\lib\libstm32f4.a(stm32f4xx_tim.o)
                0x0801321c                TIM_SetCounter
 .text.TIM_ARRPreloadConfig
                0x08013220       0x1c C:\Users\YunKei\Documents\Research\workspace\stm32f4-discovery\lib\libstm32f4.a(stm32f4xx_tim.o)
                0x08013220                TIM_ARRPreloadConfig
 .text.TIM_Cmd  0x0801323c       0x1c C:\Users\YunKei\Documents\Research\workspace\stm32f4-discovery\lib\libstm32f4.a(stm32f4xx_tim.o)
                0x0801323c                TIM_Cmd
 .text.TIM_OC1Init
                0x08013258       0x7c C:\Users\YunKei\Documents\Research\workspace\stm32f4-discovery\lib\libstm32f4.a(stm32f4xx_tim.o)
                0x08013258                TIM_OC1Init
 .text.TIM_OC2Init
                0x080132d4       0x90 C:\Users\YunKei\Documents\Research\workspace\stm32f4-discovery\lib\libstm32f4.a(stm32f4xx_tim.o)
                0x080132d4                TIM_OC2Init
 .text.TIM_OC3Init
                0x08013364       0x8c C:\Users\YunKei\Documents\Research\workspace\stm32f4-discovery\lib\libstm32f4.a(stm32f4xx_tim.o)
                0x08013364                TIM_OC3Init
 .text.TIM_OC4Init
                0x080133f0       0x70 C:\Users\YunKei\Documents\Research\workspace\stm32f4-discovery\lib\libstm32f4.a(stm32f4xx_tim.o)
                0x080133f0                TIM_OC4Init
 .text.TIM_SetCompare1
                0x08013460        0x4 C:\Users\YunKei\Documents\Research\workspace\stm32f4-discovery\lib\libstm32f4.a(stm32f4xx_tim.o)
                0x08013460                TIM_SetCompare1
 .text.TIM_SetCompare2
                0x08013464        0x4 C:\Users\YunKei\Documents\Research\workspace\stm32f4-discovery\lib\libstm32f4.a(stm32f4xx_tim.o)
                0x08013464                TIM_SetCompare2
 .text.TIM_SetCompare3
                0x08013468        0x4 C:\Users\YunKei\Documents\Research\workspace\stm32f4-discovery\lib\libstm32f4.a(stm32f4xx_tim.o)
                0x08013468                TIM_SetCompare3
 .text.TIM_SetCompare4
                0x0801346c        0x4 C:\Users\YunKei\Documents\Research\workspace\stm32f4-discovery\lib\libstm32f4.a(stm32f4xx_tim.o)
                0x0801346c                TIM_SetCompare4
 .text.TIM_OC1PreloadConfig
                0x08013470       0x10 C:\Users\YunKei\Documents\Research\workspace\stm32f4-discovery\lib\libstm32f4.a(stm32f4xx_tim.o)
                0x08013470                TIM_OC1PreloadConfig
 .text.TIM_OC2PreloadConfig
                0x08013480       0x14 C:\Users\YunKei\Documents\Research\workspace\stm32f4-discovery\lib\libstm32f4.a(stm32f4xx_tim.o)
                0x08013480                TIM_OC2PreloadConfig
 .text.TIM_OC3PreloadConfig
                0x08013494       0x10 C:\Users\YunKei\Documents\Research\workspace\stm32f4-discovery\lib\libstm32f4.a(stm32f4xx_tim.o)
                0x08013494                TIM_OC3PreloadConfig
 .text.TIM_OC4PreloadConfig
                0x080134a4       0x14 C:\Users\YunKei\Documents\Research\workspace\stm32f4-discovery\lib\libstm32f4.a(stm32f4xx_tim.o)
                0x080134a4                TIM_OC4PreloadConfig
 .text.TIM_GetCapture1
                0x080134b8        0x4 C:\Users\YunKei\Documents\Research\workspace\stm32f4-discovery\lib\libstm32f4.a(stm32f4xx_tim.o)
                0x080134b8                TIM_GetCapture1
 .text.TIM_GetCapture2
                0x080134bc        0x4 C:\Users\YunKei\Documents\Research\workspace\stm32f4-discovery\lib\libstm32f4.a(stm32f4xx_tim.o)
                0x080134bc                TIM_GetCapture2
 .text.TIM_GetCapture3
                0x080134c0        0x4 C:\Users\YunKei\Documents\Research\workspace\stm32f4-discovery\lib\libstm32f4.a(stm32f4xx_tim.o)
                0x080134c0                TIM_GetCapture3
 .text.TIM_GetCapture4
                0x080134c4        0x4 C:\Users\YunKei\Documents\Research\workspace\stm32f4-discovery\lib\libstm32f4.a(stm32f4xx_tim.o)
                0x080134c4                TIM_GetCapture4
 .text.TIM_CtrlPWMOutputs
                0x080134c8       0x24 C:\Users\YunKei\Documents\Research\workspace\stm32f4-discovery\lib\libstm32f4.a(stm32f4xx_tim.o)
                0x080134c8                TIM_CtrlPWMOutputs
 .text.TIM_ITConfig
                0x080134ec       0x18 C:\Users\YunKei\Documents\Research\workspace\stm32f4-discovery\lib\libstm32f4.a(stm32f4xx_tim.o)
                0x080134ec                TIM_ITConfig
 .text.TIM_GetITStatus
                0x08013504       0x18 C:\Users\YunKei\Documents\Research\workspace\stm32f4-discovery\lib\libstm32f4.a(stm32f4xx_tim.o)
                0x08013504                TIM_GetITStatus
 .text.TIM_ClearITPendingBit
                0x0801351c        0x8 C:\Users\YunKei\Documents\Research\workspace\stm32f4-discovery\lib\libstm32f4.a(stm32f4xx_tim.o)
                0x0801351c                TIM_ClearITPendingBit
 .text.USART_DeInit
                0x08013524      0x10c C:\Users\YunKei\Documents\Research\workspace\stm32f4-discovery\lib\libstm32f4.a(stm32f4xx_usart.o)
                0x08013524                USART_DeInit
 .text.USART_Init
                0x08013630       0xe0 C:\Users\YunKei\Documents\Research\workspace\stm32f4-discovery\lib\libstm32f4.a(stm32f4xx_usart.o)
                0x08013630                USART_Init
 .text.USART_Cmd
                0x08013710       0x1c C:\Users\YunKei\Documents\Research\workspace\stm32f4-discovery\lib\libstm32f4.a(stm32f4xx_usart.o)
                0x08013710                USART_Cmd
 .text.USART_SendData
                0x0801372c        0x8 C:\Users\YunKei\Documents\Research\workspace\stm32f4-discovery\lib\libstm32f4.a(stm32f4xx_usart.o)
                0x0801372c                USART_SendData
 .text.USART_ReceiveData
                0x08013734        0x8 C:\Users\YunKei\Documents\Research\workspace\stm32f4-discovery\lib\libstm32f4.a(stm32f4xx_usart.o)
                0x08013734                USART_ReceiveData
 .text.USART_DMACmd
                0x0801373c       0x18 C:\Users\YunKei\Documents\Research\workspace\stm32f4-discovery\lib\libstm32f4.a(stm32f4xx_usart.o)
                0x0801373c                USART_DMACmd
 .text.USART_ITConfig
                0x08013754       0x38 C:\Users\YunKei\Documents\Research\workspace\stm32f4-discovery\lib\libstm32f4.a(stm32f4xx_usart.o)
                0x08013754                USART_ITConfig
 .text.USART_GetFlagStatus
                0x0801378c        0xc C:\Users\YunKei\Documents\Research\workspace\stm32f4-discovery\lib\libstm32f4.a(stm32f4xx_usart.o)
                0x0801378c                USART_GetFlagStatus
 .text.USART_ClearFlag
                0x08013798        0x8 C:\Users\YunKei\Documents\Research\workspace\stm32f4-discovery\lib\libstm32f4.a(stm32f4xx_usart.o)
                0x08013798                USART_ClearFlag
 .text.__cxa_end_cleanup
                0x080137a0        0xc c:/users/yunkei/mentorgraphics/sourcery_codebench_lite_for_arm_eabi/bin/../lib/gcc/arm-none-eabi/4.8.3/../../../../arm-none-eabi/lib/thumb2\libstdc++.a(eh_arm.o)
                0x080137a0                __cxa_end_cleanup
 .text.__cxa_type_match
                0x080137ac       0xb8 c:/users/yunkei/mentorgraphics/sourcery_codebench_lite_for_arm_eabi/bin/../lib/gcc/arm-none-eabi/4.8.3/../../../../arm-none-eabi/lib/thumb2\libstdc++.a(eh_arm.o)
                0x080137ac                __cxa_type_match
 .text.__cxa_begin_cleanup
                0x08013864       0x64 c:/users/yunkei/mentorgraphics/sourcery_codebench_lite_for_arm_eabi/bin/../lib/gcc/arm-none-eabi/4.8.3/../../../../arm-none-eabi/lib/thumb2\libstdc++.a(eh_arm.o)
                0x08013864                __cxa_begin_cleanup
 .text.__gnu_end_cleanup
                0x080138c8       0x70 c:/users/yunkei/mentorgraphics/sourcery_codebench_lite_for_arm_eabi/bin/../lib/gcc/arm-none-eabi/4.8.3/../../../../arm-none-eabi/lib/thumb2\libstdc++.a(eh_arm.o)
                0x080138c8                __gnu_end_cleanup
 .text._ZL12read_sleb128PKhPl
                0x08013938       0x30 c:/users/yunkei/mentorgraphics/sourcery_codebench_lite_for_arm_eabi/bin/../lib/gcc/arm-none-eabi/4.8.3/../../../../arm-none-eabi/lib/thumb2\libstdc++.a(eh_personality.o)
 .text._ZL28read_encoded_value_with_basehjPKhPj
                0x08013968       0xb8 c:/users/yunkei/mentorgraphics/sourcery_codebench_lite_for_arm_eabi/bin/../lib/gcc/arm-none-eabi/4.8.3/../../../../arm-none-eabi/lib/thumb2\libstdc++.a(eh_personality.o)
 .text._ZL21base_of_encoded_valuehP15_Unwind_Context
                0x08013a20       0x4c c:/users/yunkei/mentorgraphics/sourcery_codebench_lite_for_arm_eabi/bin/../lib/gcc/arm-none-eabi/4.8.3/../../../../arm-none-eabi/lib/thumb2\libstdc++.a(eh_personality.o)
 .text._ZL17parse_lsda_headerP15_Unwind_ContextPKhP16lsda_header_info
                0x08013a6c       0x90 c:/users/yunkei/mentorgraphics/sourcery_codebench_lite_for_arm_eabi/bin/../lib/gcc/arm-none-eabi/4.8.3/../../../../arm-none-eabi/lib/thumb2\libstdc++.a(eh_personality.o)
 .text.__gxx_personality_v0
                0x08013afc      0x420 c:/users/yunkei/mentorgraphics/sourcery_codebench_lite_for_arm_eabi/bin/../lib/gcc/arm-none-eabi/4.8.3/../../../../arm-none-eabi/lib/thumb2\libstdc++.a(eh_personality.o)
                0x08013afc                __gxx_personality_v0
 .text._ZN10__cxxabiv111__terminateEPFvvE
                0x08013f1c       0x28 c:/users/yunkei/mentorgraphics/sourcery_codebench_lite_for_arm_eabi/bin/../lib/gcc/arm-none-eabi/4.8.3/../../../../arm-none-eabi/lib/thumb2\libstdc++.a(eh_terminate.o)
                0x08013f1c                __cxxabiv1::__terminate(void (*)())
 .text._ZSt9terminatev
                0x08013f44       0x10 c:/users/yunkei/mentorgraphics/sourcery_codebench_lite_for_arm_eabi/bin/../lib/gcc/arm-none-eabi/4.8.3/../../../../arm-none-eabi/lib/thumb2\libstdc++.a(eh_terminate.o)
                0x08013f44                std::terminate()
 .text._ZN10__cxxabiv112__unexpectedEPFvvE
                0x08013f54        0x8 c:/users/yunkei/mentorgraphics/sourcery_codebench_lite_for_arm_eabi/bin/../lib/gcc/arm-none-eabi/4.8.3/../../../../arm-none-eabi/lib/thumb2\libstdc++.a(eh_terminate.o)
                0x08013f54                __cxxabiv1::__unexpected(void (*)())
 .text._ZSt10unexpectedv
                0x08013f5c       0x10 c:/users/yunkei/mentorgraphics/sourcery_codebench_lite_for_arm_eabi/bin/../lib/gcc/arm-none-eabi/4.8.3/../../../../arm-none-eabi/lib/thumb2\libstdc++.a(eh_terminate.o)
                0x08013f5c                std::unexpected()
 .text.__cxa_get_globals_fast
                0x08013f6c        0xc c:/users/yunkei/mentorgraphics/sourcery_codebench_lite_for_arm_eabi/bin/../lib/gcc/arm-none-eabi/4.8.3/../../../../arm-none-eabi/lib/thumb2\libstdc++.a(eh_globals.o)
                0x08013f6c                __cxa_get_globals_fast
 .text.__cxa_get_globals
                0x08013f78        0xc c:/users/yunkei/mentorgraphics/sourcery_codebench_lite_for_arm_eabi/bin/../lib/gcc/arm-none-eabi/4.8.3/../../../../arm-none-eabi/lib/thumb2\libstdc++.a(eh_globals.o)
                0x08013f78                __cxa_get_globals
 .text._ZN10__cxxabiv1L24__is_gxx_exception_classEPc
                0x08013f84       0x3c c:/users/yunkei/mentorgraphics/sourcery_codebench_lite_for_arm_eabi/bin/../lib/gcc/arm-none-eabi/4.8.3/../../../../arm-none-eabi/lib/thumb2\libstdc++.a(eh_call.o)
 .text.__cxa_call_terminate
                0x08013fc0       0x20 c:/users/yunkei/mentorgraphics/sourcery_codebench_lite_for_arm_eabi/bin/../lib/gcc/arm-none-eabi/4.8.3/../../../../arm-none-eabi/lib/thumb2\libstdc++.a(eh_call.o)
                0x08013fc0                __cxa_call_terminate
 .text.__cxa_call_unexpected
                0x08013fe0       0xf4 c:/users/yunkei/mentorgraphics/sourcery_codebench_lite_for_arm_eabi/bin/../lib/gcc/arm-none-eabi/4.8.3/../../../../arm-none-eabi/lib/thumb2\libstdc++.a(eh_call.o)
                0x08013fe0                __cxa_call_unexpected
 .text._ZNSt9exceptionD2Ev
                0x080140d4        0xc c:/users/yunkei/mentorgraphics/sourcery_codebench_lite_for_arm_eabi/bin/../lib/gcc/arm-none-eabi/4.8.3/../../../../arm-none-eabi/lib/thumb2\libstdc++.a(eh_exception.o)
                0x080140d4                std::exception::~exception()
                0x080140d4                std::exception::~exception()
 .text._ZNSt13bad_exceptionD2Ev
                0x080140e0        0xc c:/users/yunkei/mentorgraphics/sourcery_codebench_lite_for_arm_eabi/bin/../lib/gcc/arm-none-eabi/4.8.3/../../../../arm-none-eabi/lib/thumb2\libstdc++.a(eh_exception.o)
                0x080140e0                std::bad_exception::~bad_exception()
                0x080140e0                std::bad_exception::~bad_exception()
 .text._ZNKSt9exception4whatEv
                0x080140ec        0xc c:/users/yunkei/mentorgraphics/sourcery_codebench_lite_for_arm_eabi/bin/../lib/gcc/arm-none-eabi/4.8.3/../../../../arm-none-eabi/lib/thumb2\libstdc++.a(eh_exception.o)
                0x080140ec                std::exception::what() const
 .text._ZNKSt13bad_exception4whatEv
                0x080140f8        0xc c:/users/yunkei/mentorgraphics/sourcery_codebench_lite_for_arm_eabi/bin/../lib/gcc/arm-none-eabi/4.8.3/../../../../arm-none-eabi/lib/thumb2\libstdc++.a(eh_exception.o)
                0x080140f8                std::bad_exception::what() const
 .text._ZNSt9exceptionD0Ev
                0x08014104       0x14 c:/users/yunkei/mentorgraphics/sourcery_codebench_lite_for_arm_eabi/bin/../lib/gcc/arm-none-eabi/4.8.3/../../../../arm-none-eabi/lib/thumb2\libstdc++.a(eh_exception.o)
                0x08014104                std::exception::~exception()
 .text._ZNSt13bad_exceptionD0Ev
                0x08014118       0x14 c:/users/yunkei/mentorgraphics/sourcery_codebench_lite_for_arm_eabi/bin/../lib/gcc/arm-none-eabi/4.8.3/../../../../arm-none-eabi/lib/thumb2\libstdc++.a(eh_exception.o)
                0x08014118                std::bad_exception::~bad_exception()
 .text.__cxa_begin_catch
                0x0801412c       0x8c c:/users/yunkei/mentorgraphics/sourcery_codebench_lite_for_arm_eabi/bin/../lib/gcc/arm-none-eabi/4.8.3/../../../../arm-none-eabi/lib/thumb2\libstdc++.a(eh_catch.o)
                0x0801412c                __cxa_begin_catch
 .text.__cxa_end_catch
                0x080141b8       0x8c c:/users/yunkei/mentorgraphics/sourcery_codebench_lite_for_arm_eabi/bin/../lib/gcc/arm-none-eabi/4.8.3/../../../../arm-none-eabi/lib/thumb2\libstdc++.a(eh_catch.o)
                0x080141b8                __cxa_end_catch